Component: ARM Compiler 5.06 update 5 (build 528) Tool: armlink [4d35e2]

==============================================================================

Section Cross References

    main.o(i.AppTaskCreate) refers to port.o(i.vPortEnterCritical) for vPortEnterCritical
    main.o(i.AppTaskCreate) refers to tasks.o(i.xTaskCreate) for xTaskCreate
    main.o(i.AppTaskCreate) refers to tasks.o(i.vTaskDelete) for vTaskDelete
    main.o(i.AppTaskCreate) refers to port.o(i.vPortExitCritical) for vPortExitCritical
    main.o(i.AppTaskCreate) refers to main.o(.data) for LED_Task_Handle
    main.o(i.AppTaskCreate) refers to main.o(i.LED_Task) for LED_Task
    main.o(i.BSP_Init) refers to misc.o(i.NVIC_PriorityGroupConfig) for NVIC_PriorityGroupConfig
    main.o(i.BSP_Init) refers to led.o(i.LED_GPIO_CONFIG) for LED_GPIO_CONFIG
    main.o(i.BSP_Init) refers to usart.o(i.USART_Config) for USART_Config
    main.o(i.LED_Task) refers to led.o(i.LED_ON) for LED_ON
    main.o(i.LED_Task) refers to tasks.o(i.vTaskDelay) for vTaskDelay
    main.o(i.LED_Task) refers to led.o(i.LED_OFF) for LED_OFF
    main.o(i.main) refers to main.o(i.BSP_Init) for BSP_Init
    main.o(i.main) refers to noretval__2printf.o(.text) for __2printf
    main.o(i.main) refers to tasks.o(i.xTaskCreate) for xTaskCreate
    main.o(i.main) refers to tasks.o(i.vTaskStartScheduler) for vTaskStartScheduler
    main.o(i.main) refers to main.o(.data) for AppTaskCreate_Handle
    main.o(i.main) refers to main.o(i.AppTaskCreate) for AppTaskCreate
    event_groups.o(i.vEventGroupClearBitsCallback) refers to event_groups.o(i.xEventGroupClearBits) for xEventGroupClearBits
    event_groups.o(i.vEventGroupDelete) refers to tasks.o(i.vTaskSuspendAll) for vTaskSuspendAll
    event_groups.o(i.vEventGroupDelete) refers to tasks.o(i.xTaskRemoveFromUnorderedEventList) for xTaskRemoveFromUnorderedEventList
    event_groups.o(i.vEventGroupDelete) refers to heap_4.o(i.vPortFree) for vPortFree
    event_groups.o(i.vEventGroupDelete) refers to tasks.o(i.xTaskResumeAll) for xTaskResumeAll
    event_groups.o(i.vEventGroupSetBitsCallback) refers to event_groups.o(i.xEventGroupSetBits) for xEventGroupSetBits
    event_groups.o(i.xEventGroupClearBits) refers to port.o(i.vPortEnterCritical) for vPortEnterCritical
    event_groups.o(i.xEventGroupClearBits) refers to port.o(i.vPortExitCritical) for vPortExitCritical
    event_groups.o(i.xEventGroupCreate) refers to heap_4.o(i.pvPortMalloc) for pvPortMalloc
    event_groups.o(i.xEventGroupCreate) refers to list.o(i.vListInitialise) for vListInitialise
    event_groups.o(i.xEventGroupSetBits) refers to tasks.o(i.vTaskSuspendAll) for vTaskSuspendAll
    event_groups.o(i.xEventGroupSetBits) refers to tasks.o(i.xTaskRemoveFromUnorderedEventList) for xTaskRemoveFromUnorderedEventList
    event_groups.o(i.xEventGroupSetBits) refers to tasks.o(i.xTaskResumeAll) for xTaskResumeAll
    event_groups.o(i.xEventGroupSync) refers to tasks.o(i.vTaskSuspendAll) for vTaskSuspendAll
    event_groups.o(i.xEventGroupSync) refers to event_groups.o(i.xEventGroupSetBits) for xEventGroupSetBits
    event_groups.o(i.xEventGroupSync) refers to tasks.o(i.vTaskPlaceOnUnorderedEventList) for vTaskPlaceOnUnorderedEventList
    event_groups.o(i.xEventGroupSync) refers to tasks.o(i.xTaskResumeAll) for xTaskResumeAll
    event_groups.o(i.xEventGroupSync) refers to tasks.o(i.uxTaskResetEventItemValue) for uxTaskResetEventItemValue
    event_groups.o(i.xEventGroupSync) refers to port.o(i.vPortEnterCritical) for vPortEnterCritical
    event_groups.o(i.xEventGroupSync) refers to port.o(i.vPortExitCritical) for vPortExitCritical
    event_groups.o(i.xEventGroupWaitBits) refers to tasks.o(i.vTaskSuspendAll) for vTaskSuspendAll
    event_groups.o(i.xEventGroupWaitBits) refers to event_groups.o(i.prvTestWaitCondition) for prvTestWaitCondition
    event_groups.o(i.xEventGroupWaitBits) refers to tasks.o(i.vTaskPlaceOnUnorderedEventList) for vTaskPlaceOnUnorderedEventList
    event_groups.o(i.xEventGroupWaitBits) refers to tasks.o(i.xTaskResumeAll) for xTaskResumeAll
    event_groups.o(i.xEventGroupWaitBits) refers to tasks.o(i.uxTaskResetEventItemValue) for uxTaskResetEventItemValue
    event_groups.o(i.xEventGroupWaitBits) refers to port.o(i.vPortEnterCritical) for vPortEnterCritical
    event_groups.o(i.xEventGroupWaitBits) refers to port.o(i.vPortExitCritical) for vPortExitCritical
    queue.o(i.prvCopyDataFromQueue) refers to rt_memcpy_v6.o(.text) for __aeabi_memcpy
    queue.o(i.prvCopyDataToQueue) refers to rt_memcpy_v6.o(.text) for __aeabi_memcpy
    queue.o(i.prvInitialiseNewQueue) refers to queue.o(i.xQueueGenericReset) for xQueueGenericReset
    queue.o(i.prvIsQueueEmpty) refers to port.o(i.vPortEnterCritical) for vPortEnterCritical
    queue.o(i.prvIsQueueEmpty) refers to port.o(i.vPortExitCritical) for vPortExitCritical
    queue.o(i.prvIsQueueFull) refers to port.o(i.vPortEnterCritical) for vPortEnterCritical
[...]
    Removing stm32f10x_usart.o(i.USART_LINCmd), (24 bytes).
    Removing stm32f10x_usart.o(i.USART_OneBitMethodCmd), (24 bytes).
    Removing stm32f10x_usart.o(i.USART_OverSampling8Cmd), (22 bytes).
    Removing stm32f10x_usart.o(i.USART_ReceiveData), (10 bytes).
    Removing stm32f10x_usart.o(i.USART_ReceiverWakeUpCmd), (24 bytes).
    Removing stm32f10x_usart.o(i.USART_SendBreak), (10 bytes).
    Removing stm32f10x_usart.o(i.USART_SetAddress), (18 bytes).
    Removing stm32f10x_usart.o(i.USART_SetGuardTime), (16 bytes).
    Removing stm32f10x_usart.o(i.USART_SetPrescaler), (16 bytes).
    Removing stm32f10x_usart.o(i.USART_SmartCardCmd), (24 bytes).
    Removing stm32f10x_usart.o(i.USART_SmartCardNACKCmd), (24 bytes).
    Removing stm32f10x_usart.o(i.USART_StructInit), (24 bytes).
    Removing stm32f10x_usart.o(i.USART_WakeUpConfig), (18 bytes).
    Removing stm32f10x_wwdg.o(i.WWDG_ClearFlag), (12 bytes).
    Removing stm32f10x_wwdg.o(i.WWDG_DeInit), (22 bytes).
    Removing stm32f10x_wwdg.o(i.WWDG_Enable), (16 bytes).
    Removing stm32f10x_wwdg.o(i.WWDG_EnableIT), (12 bytes).
    Removing stm32f10x_wwdg.o(i.WWDG_GetFlagStatus), (12 bytes).
    Removing stm32f10x_wwdg.o(i.WWDG_SetCounter), (16 bytes).
    Removing stm32f10x_wwdg.o(i.WWDG_SetPrescaler), (24 bytes).
    Removing stm32f10x_wwdg.o(i.WWDG_SetWindowValue), (40 bytes).
    Removing core_cm3.o(.emb_text), (32 bytes).
    Removing system_stm32f10x.o(i.SystemCoreClockUpdate), (164 bytes).
    Removing system_stm32f10x.o(.data), (20 bytes).
    Removing usart.o(i.Usart_SendArray), (48 bytes).
    Removing usart.o(i.Usart_SendByte), (30 bytes).
    Removing usart.o(i.Usart_SendHalfWord), (60 bytes).
    Removing usart.o(i.Usart_SendString), (42 bytes).
    Removing usart.o(i.fgetc), (32 bytes).

530 unused section(s) (total 23578 bytes) removed from the image.

==============================================================================

Image Symbol Table

    Local Symbols

    Symbol Name                              Value     Ov Type        Size  Object(Section)

    ../clib/angel/boardlib.s                 0x00000000   Number         0  boardinit1.o ABSOLUTE
    ../clib/angel/boardlib.s                 0x00000000   Number         0  boardinit2.o ABSOLUTE
    ../clib/angel/boardlib.s                 0x00000000   Number         0  boardshut.o ABSOLUTE
    ../clib/angel/boardlib.s                 0x00000000   Number         0  boardinit3.o ABSOLUTE
    ../clib/angel/handlers.s                 0x00000000   Number         0  __scatter_copy.o ABSOLUTE
    ../clib/angel/handlers.s                 0x00000000   Number         0  __scatter_zi.o ABSOLUTE
    ../clib/angel/kernel.s                   0x00000000   Number         0  __rtentry.o ABSOLUTE
    ../clib/angel/kernel.s                   0x00000000   Number         0  rtexit.o ABSOLUTE
    ../clib/angel/kernel.s                   0x00000000   Number         0  rtexit2.o ABSOLUTE
    ../clib/angel/kernel.s                   0x00000000   Number         0  __rtentry2.o ABSOLUTE
    ../clib/angel/kernel.s                   0x00000000   Number         0  __rtentry4.o ABSOLUTE
    ../clib/angel/rt.s                       0x00000000   Number         0  rt_heap_descriptor.o ABSOLUTE
    ../clib/angel/rt.s                       0x00000000   Number         0  rt_raise.o ABSOLUTE
    ../clib/angel/rt.s                       0x00000000   Number         0  rt_errno_addr_intlibspace.o ABSOLUTE
    ../clib/angel/rt.s                       0x00000000   Number         0  rt_errno_addr.o ABSOLUTE
    ../clib/angel/rt.s                       0x00000000   Number         0  rt_heap_descriptor_intlibspace.o ABSOLUTE
    ../clib/angel/scatter.s                  0x00000000   Number         0  __scatter.o ABSOLUTE
    ../clib/angel/startup.s                  0x00000000   Number         0  __main.o ABSOLUTE
    ../clib/angel/sys.s                      0x00000000   Number         0  libspace.o ABSOLUTE
    ../clib/angel/sys.s                      0x00000000   Number         0  indicate_semi.o ABSOLUTE
    ../clib/angel/sys.s                      0x00000000   Number         0  mutex_dummy.o ABSOLUTE
    ../clib/angel/sys.s                      0x00000000   Number         0  use_no_semi.o ABSOLUTE
    ../clib/angel/sys.s                      0x00000000   Number         0  sys_stackheap_outer.o ABSOLUTE
    ../clib/angel/sysapp.c                   0x00000000   Number         0  sys_wrch.o ABSOLUTE
    ../clib/angel/sysapp.c                   0x00000000   Number         0  sys_exit.o ABSOLUTE
    ../clib/angel/sysapp.c                   0x00000000   Number         0  sys_command.o ABSOLUTE
    ../clib/angel/sysapp.c                   0x00000000   Number         0  sys_io.o ABSOLUTE
    ../clib/armsys.c                         0x00000000   Number         0  no_argv.o ABSOLUTE
    ../clib/armsys.c                         0x00000000   Number         0  _get_argv.o ABSOLUTE
    ../clib/armsys.c                         0x00000000   Number         0  _get_argv_nomalloc.o ABSOLUTE
    ../clib/armsys.c                         0x00000000   Number         0  argv_veneer.o ABSOLUTE
    ../clib/armsys.c                         0x00000000   Number         0  argv_veneer.o ABSOLUTE
    ../clib/heap1.c                          0x00000000   Number         0  h1_alloc_mt.o ABSOLUTE
    ../clib/heap1.c                          0x00000000   Number         0  h1_alloc.o ABSOLUTE
    ../clib/heap1.c                          0x00000000   Number         0  h1_final_mt.o ABSOLUTE
    ../clib/heap1.c                          0x00000000   Number         0  h1_final.o ABSOLUTE
    ../clib/heap1.c                          0x00000000   Number         0  h1_extend.o ABSOLUTE
    ../clib/heap1.c                          0x00000000   Number         0  h1_init.o ABSOLUTE
    ../clib/heap1.c                          0x00000000   Number         0  h1_init_mt.o ABSOLUTE
    ../clib/heap1.c                          0x00000000   Number         0  h1_free_mt.o ABSOLUTE
    ../clib/heap1.c                          0x00000000   Number         0  h1_extend_mt.o ABSOLUTE
    ../clib/heap1.c                          0x00000000   Number         0  h1_free.o ABSOLUTE
    ../clib/heap2.c                          0x00000000   Number         0  heap2mt.o ABSOLUTE
    ../clib/heap2.c                          0x00000000   Number         0  fdtree.o ABSOLUTE
    ../clib/heap2.c                          0x00000000   Number         0  heap2.o ABSOLUTE
    ../clib/heapalloc.c                      0x00000000   Number         0  heapstubs.o ABSOLUTE
    ../clib/heapalloc.c                      0x00000000   Number         0  free.o ABSOLUTE
    ../clib/heapalloc.c                      0x00000000   Number         0  term_alloc.o ABSOLUTE
    ../clib/heapalloc.c                      0x00000000   Number         0  hrguard.o ABSOLUTE
    ../clib/heapalloc.c                      0x00000000   Number         0  init_alloc.o ABSOLUTE
    ../clib/heapalloc.c                      0x00000000   Number         0  malloc.o ABSOLUTE
    ../clib/heapalloc.c                      0x00000000   Number         0  maybetermalloc2.o ABSOLUTE
    ../clib/heapalloc.c                      0x00000000   Number         0  maybetermalloc2.o ABSOLUTE
    ../clib/heapalloc.c                      0x00000000   Number         0  maybetermalloc1.o ABSOLUTE
    ../clib/heapalloc.c                      0x00000000   Number         0  hguard.o ABSOLUTE
    ../clib/heapalloc.c                      0x00000000   Number         0  maybetermalloc1.o ABSOLUTE
    ../clib/heapaux.c                        0x00000000   Number         0  heapauxa.o ABSOLUTE
    ../clib/heapaux.c                        0x00000000   Number         0  heapauxi.o ABSOLUTE
    ../clib/libinit.s                        0x00000000   Number         0  libshutdown.o ABSOLUTE
    ../clib/libinit.s                        0x00000000   Number         0  libshutdown2.o ABSOLUTE
    ../clib/libinit.s                        0x00000000   Number         0  libinit2.o ABSOLUTE
    ../clib/libinit.s                        0x00000000   Number         0  libinit.o ABSOLUTE
    ../clib/memcpset.s                       0x00000000   Number         0  rt_memcpy_w.o ABSOLUTE
    ../clib/memcpset.s                       0x00000000   Number         0  rt_memclr_w.o ABSOLUTE
    ../clib/memcpset.s                       0x00000000   Number         0  rt_memcpy_v6.o ABSOLUTE
    ../clib/printf.c                         0x00000000   Number         0  _printf_char_common.o ABSOLUTE
    ../clib/printf.c                         0x00000000   Number         0  __printf_nopercent.o ABSOLUTE
    ../clib/printf.c                         0x00000000   Number         0  _printf_char_file.o ABSOLUTE
    ../clib/printf.c                         0x00000000   Number         0  noretval__2printf.o ABSOLUTE
    ../clib/printf.c                         0x00000000   Number         0  __2printf.o ABSOLUTE
    ../clib/signal.c                         0x00000000   Number         0  defsig_fpe_inner.o ABSOLUTE
    ../clib/signal.c                         0x00000000   Number         0  defsig_abrt_inner.o ABSOLUTE
    ../clib/signal.c                         0x00000000   Number         0  defsig_pvfn_inner.o ABSOLUTE
    ../clib/signal.c                         0x00000000   Number         0  defsig_rtmem_inner.o ABSOLUTE
    ../clib/signal.c                         0x00000000   Number         0  defsig_cppl_inner.o ABSOLUTE
    ../clib/signal.c                         0x00000000   Number         0  defsig_segv_inner.o ABSOLUTE
    ../clib/signal.c                         0x00000000   Number         0  defsig_rtmem_outer.o ABSOLUTE
    ../clib/signal.c                         0x00000000   Number         0  defsig_other.o ABSOLUTE
    ../clib/signal.c                         0x00000000   Number         0  defsig_general.o ABSOLUTE
    ../clib/signal.c                         0x00000000   Number         0  __raise.o ABSOLUTE
    ../clib/signal.c                         0x00000000   Number         0  defsig_rtred_inner.o ABSOLUTE
    ../clib/signal.c                         0x00000000   Number         0  defsig_exit.o ABSOLUTE
    ../clib/signal.c                         0x00000000   Number         0  defsig_rtmem_formal.o ABSOLUTE
    ../clib/signal.c                         0x00000000   Number         0  defsig_rtred_formal.o ABSOLUTE
    ../clib/signal.c                         0x00000000   Number         0  defsig_stak_inner.o ABSOLUTE
    ../clib/signal.c                         0x00000000   Number         0  defsig_rtred_outer.o ABSOLUTE
    ../clib/signal.s                         0x00000000   Number         0  defsig.o ABSOLUTE
    ../clib/stdio.c                          0x00000000   Number         0  initio_locked.o ABSOLUTE
    ../clib/stdio.c                          0x00000000   Number         0  ferror_locked.o ABSOLUTE
    ../clib/stdio.c                          0x00000000   Number         0  fopen.o ABSOLUTE
    ../clib/stdio.c                          0x00000000   Number         0  initio.o ABSOLUTE
    ../clib/stdio.c                          0x00000000   Number         0  ftell.o ABSOLUTE
    ../clib/stdio.c                          0x00000000   Number         0  fclose.o ABSOLUTE
    ../clib/stdio.c                          0x00000000   Number         0  stdio_streams.o ABSOLUTE
    ../clib/stdio.c                          0x00000000   Number         0  setvbuf_locked.o ABSOLUTE
    ../clib/stdio.c                          0x00000000   Number         0  fopen_locked.o ABSOLUTE
    ../clib/stdio.c                          0x00000000   Number         0  fseek.o ABSOLUTE
    ../clib/stdio.c                          0x00000000   Number         0  stdio.o ABSOLUTE
    ../clib/stdio.c                          0x00000000   Number         0  streamlock.o ABSOLUTE
    ../clib/stdio.c                          0x00000000   Number         0  ferror.o ABSOLUTE
    ../clib/stdio.c                          0x00000000   Number         0  setvbuf.o ABSOLUTE
    ../clib/stdlib.c                         0x00000000   Number         0  exit.o ABSOLUTE
    ../clib/string.c                         0x00000000   Number         0  strlen.o ABSOLUTE
    ../fplib/fpinit.s                        0x00000000   Number         0  fpinit.o ABSOLUTE
    FreeRTOS\\port\\RVDS\\ARM_CM3\\port.c    0x00000000   Number         0  port.o ABSOLUTE
    FreeRTOS\port\MemMang\heap_4.c           0x00000000   Number         0  heap_4.o ABSOLUTE
    FreeRTOS\port\RVDS\ARM_CM3\port.c        0x00000000   Number         0  port.o ABSOLUTE
    FreeRTOS\src\croutine.c                  0x00000000   Number         0  croutine.o ABSOLUTE
    FreeRTOS\src\event_groups.c              0x00000000   Number         0  event_groups.o ABSOLUTE
    FreeRTOS\src\list.c                      0x00000000   Number         0  list.o ABSOLUTE
    FreeRTOS\src\queue.c                     0x00000000   Number         0  queue.o ABSOLUTE
    FreeRTOS\src\tasks.c                     0x00000000   Number         0  tasks.o ABSOLUTE
    FreeRTOS\src\timers.c                    0x00000000   Number         0  timers.o ABSOLUTE
    Hardware\Led.c                           0x00000000   Number         0  led.o ABSOLUTE
    Hardware\Usart.c                         0x00000000   Number         0  usart.o ABSOLUTE
    Library\misc.c                           0x00000000   Number         0  misc.o ABSOLUTE
    Library\stm32f10x_adc.c                  0x00000000   Number         0  stm32f10x_adc.o ABSOLUTE
    Library\stm32f10x_bkp.c                  0x00000000   Number         0  stm32f10x_bkp.o ABSOLUTE
    Library\stm32f10x_can.c                  0x00000000   Number         0  stm32f10x_can.o ABSOLUTE
    Library\stm32f10x_cec.c                  0x00000000   Number         0  stm32f10x_cec.o ABSOLUTE
    Library\stm32f10x_crc.c                  0x00000000   Number         0  stm32f10x_crc.o ABSOLUTE
    Library\stm32f10x_dac.c                  0x00000000   Number         0  stm32f10x_dac.o ABSOLUTE
    Library\stm32f10x_dbgmcu.c               0x00000000   Number         0  stm32f10x_dbgmcu.o ABSOLUTE
    Library\stm32f10x_dma.c                  0x00000000   Number         0  stm32f10x_dma.o ABSOLUTE
    Library\stm32f10x_exti.c                 0x00000000   Number         0  stm32f10x_exti.o ABSOLUTE
    Library\stm32f10x_flash.c                0x00000000   Number         0  stm32f10x_flash.o ABSOLUTE
    Library\stm32f10x_fsmc.c                 0x00000000   Number         0  stm32f10x_fsmc.o ABSOLUTE
    Library\stm32f10x_gpio.c                 0x00000000   Number         0  stm32f10x_gpio.o ABSOLUTE
    Library\stm32f10x_i2c.c                  0x00000000   Number         0  stm32f10x_i2c.o ABSOLUTE
    Library\stm32f10x_iwdg.c                 0x00000000   Number         0  stm32f10x_iwdg.o ABSOLUTE
    Library\stm32f10x_pwr.c                  0x00000000   Number         0  stm32f10x_pwr.o ABSOLUTE
    Library\stm32f10x_rcc.c                  0x00000000   Number         0  stm32f10x_rcc.o ABSOLUTE
    Library\stm32f10x_rtc.c                  0x00000000   Number         0  stm32f10x_rtc.o ABSOLUTE
    Library\stm32f10x_sdio.c                 0x00000000   Number         0  stm32f10x_sdio.o ABSOLUTE
    Library\stm32f10x_spi.c                  0x00000000   Number         0  stm32f10x_spi.o ABSOLUTE
    Library\stm32f10x_tim.c                  0x00000000   Number         0  stm32f10x_tim.o ABSOLUTE
    Library\stm32f10x_usart.c                0x00000000   Number         0  stm32f10x_usart.o ABSOLUTE
    Library\stm32f10x_wwdg.c                 0x00000000   Number         0  stm32f10x_wwdg.o ABSOLUTE
    Start\\core_cm3.c                        0x00000000   Number         0  core_cm3.o ABSOLUTE
    Start\core_cm3.c                         0x00000000   Number         0  core_cm3.o ABSOLUTE
    Start\startup_stm32f10x_md.s             0x00000000   Number         0  startup_stm32f10x_md.o ABSOLUTE
    Start\system_stm32f10x.c                 0x00000000   Number         0  system_stm32f10x.o ABSOLUTE
    User\main.c                              0x00000000   Number         0  main.o ABSOLUTE
    User\stm32f10x_it.c                      0x00000000   Number         0  stm32f10x_it.o ABSOLUTE
    dc.s                                     0x00000000   Number         0  dc.o ABSOLUTE
    RESET                                    0x08000000   Section      236  startup_stm32f10x_md.o(RESET)
    !!!main                                  0x080000ec   Section        8  __main.o(!!!main)
    !!!scatter                               0x080000f4   Section       52  __scatter.o(!!!scatter)
    !!handler_copy                           0x08000128   Section       26  __scatter_copy.o(!!handler_copy)
    !!handler_zi                             0x08000144   Section       28  __scatter_zi.o(!!handler_zi)
    .ARM.Collect$$libinit$$00000000          0x08000160   Section        2  libinit.o(.ARM.Collect$$libinit$$00000000)
    .ARM.Collect$$libinit$$00000002          0x08000162   Section        0  libinit2.o(.ARM.Collect$$libinit$$00000002)
    .ARM.Collect$$libinit$$00000004          0x08000162   Section        0  libinit2.o(.ARM.Collect$$libinit$$00000004)
    .ARM.Collect$$libinit$$00000005          0x08000162   Section        8  libinit2.o(.ARM.Collect$$libinit$$00000005)
    .ARM.Collect$$libinit$$0000000A          0x0800016a   Section        0  libinit2.o(.ARM.Collect$$libinit$$0000000A)
    .ARM.Collect$$libinit$$0000000C          0x0800016a   Section        0  libinit2.o(.ARM.Collect$$libinit$$0000000C)
    .ARM.Collect$$libinit$$0000000E          0x0800016a   Section        0  libinit2.o(.ARM.Collect$$libinit$$0000000E)
    .ARM.Collect$$libinit$$00000011          0x0800016a   Section        0  libinit2.o(.ARM.Collect$$libinit$$00000011)
    .ARM.Collect$$libinit$$00000013          0x0800016a   Section        0  libinit2.o(.ARM.Collect$$libinit$$00000013)
    .ARM.Collect$$libinit$$00000015          0x0800016a   Section        0  libinit2.o(.ARM.Collect$$libinit$$00000015)
    .ARM.Collect$$libinit$$00000017          0x0800016a   Section        0  libinit2.o(.ARM.Collect$$libinit$$00000017)
    .ARM.Collect$$libinit$$00000019          0x0800016a   Section        0  libinit2.o(.ARM.Collect$$libinit$$00000019)
    .ARM.Collect$$libinit$$0000001B          0x0800016a   Section        0  libinit2.o(.ARM.Collect$$libinit$$0000001B)
    .ARM.Collect$$libinit$$0000001D          0x0800016a   Section        0  libinit2.o(.ARM.Collect$$libinit$$0000001D)
    .ARM.Collect$$libinit$$0000001F          0x0800016a   Section        0  libinit2.o(.ARM.Collect$$libinit$$0000001F)
    .ARM.Collect$$libinit$$00000021          0x0800016a   Section        0  libinit2.o(.ARM.Collect$$libinit$$00000021)
    .ARM.Collect$$libinit$$00000023          0x0800016a   Section        0  libinit2.o(.ARM.Collect$$libinit$$00000023)
    .ARM.Collect$$libinit$$00000024          0x0800016a   Section        4  libinit2.o(.ARM.Collect$$libinit$$00000024)
    .ARM.Collect$$libinit$$00000025          0x0800016e   Section        0  libinit2.o(.ARM.Collect$$libinit$$00000025)
    .ARM.Collect$$libinit$$0000002C          0x0800016e   Section        0  libinit2.o(.ARM.Collect$$libinit$$0000002C)
    .ARM.Collect$$libinit$$0000002E          0x0800016e   Section        0  libinit2.o(.ARM.Collect$$libinit$$0000002E)
    .ARM.Collect$$libinit$$00000030          0x0800016e   Section        0  libinit2.o(.ARM.Collect$$libinit$$00000030)
    .ARM.Collect$$libinit$$00000032          0x0800016e   Section        0  libinit2.o(.ARM.Collect$$libinit$$00000032)
    .ARM.Collect$$libinit$$00000033          0x0800016e   Section        2  libinit2.o(.ARM.Collect$$libinit$$00000033)
    .ARM.Collect$$libshutdown$$00000000      0x08000170   Section        2  libshutdown.o(.ARM.Collect$$libshutdown$$00000000)
    .ARM.Collect$$libshutdown$$00000002      0x08000172   Section        0  libshutdown2.o(.ARM.Collect$$libshutdown$$00000002)
    .ARM.Collect$$libshutdown$$00000003      0x08000172   Section        4  libshutdown2.o(.ARM.Collect$$libshutdown$$00000003)
    .ARM.Collect$$libshutdown$$00000004      0x08000176   Section        0  libshutdown2.o(.ARM.Collect$$libshutdown$$00000004)
    .ARM.Collect$$libshutdown$$00000007      0x08000176   Section        0  libshutdown2.o(.ARM.Collect$$libshutdown$$00000007)
    .ARM.Collect$$libshutdown$$0000000A      0x08000176   Section        0  libshutdown2.o(.ARM.Collect$$libshutdown$$0000000A)
    .ARM.Collect$$libshutdown$$0000000C      0x08000176   Section        0  libshutdown2.o(.ARM.Collect$$libshutdown$$0000000C)
    .ARM.Collect$$libshutdown$$0000000F      0x08000176   Section        0  libshutdown2.o(.ARM.Collect$$libshutdown$$0000000F)
    .ARM.Collect$$libshutdown$$00000010      0x08000176   Section        2  libshutdown2.o(.ARM.Collect$$libshutdown$$00000010)
    .ARM.Collect$$rtentry$$00000000          0x08000178   Section        0  __rtentry.o(.ARM.Collect$$rtentry$$00000000)
    .ARM.Collect$$rtentry$$00000002          0x08000178   Section        0  __rtentry2.o(.ARM.Collect$$rtentry$$00000002)
    .ARM.Collect$$rtentry$$00000004          0x08000178   Section        6  __rtentry4.o(.ARM.Collect$$rtentry$$00000004)
    .ARM.Collect$$rtentry$$00000009          0x0800017e   Section        0  __rtentry2.o(.ARM.Collect$$rtentry$$00000009)
    .ARM.Collect$$rtentry$$0000000A          0x0800017e   Section        4  __rtentry2.o(.ARM.Collect$$rtentry$$0000000A)
    .ARM.Collect$$rtentry$$0000000C          0x08000182   Section        0  __rtentry2.o(.ARM.Collect$$rtentry$$0000000C)
    .ARM.Collect$$rtentry$$0000000D          0x08000182   Section        8  __rtentry2.o(.ARM.Collect$$rtentry$$0000000D)
    .ARM.Collect$$rtexit$$00000000           0x0800018a   Section        2  rtexit.o(.ARM.Collect$$rtexit$$00000000)
    .ARM.Collect$$rtexit$$00000002           0x0800018c   Section        0  rtexit2.o(.ARM.Collect$$rtexit$$00000002)
    .ARM.Collect$$rtexit$$00000003           0x0800018c   Section        4  rtexit2.o(.ARM.Collect$$rtexit$$00000003)
    .ARM.Collect$$rtexit$$00000004           0x08000190   Section        6  rtexit2.o(.ARM.Collect$$rtexit$$00000004)
    .emb_text                                0x08000198   Section      150  port.o(.emb_text)
    .emb_text                                0x08000230   Section        0  maybetermalloc1.o(.emb_text)
    .text                                    0x08000230   Section       64  startup_stm32f10x_md.o(.text)
    .text                                    0x08000270   Section        0  noretval__2printf.o(.text)
    .text                                    0x08000288   Section        0  heapauxi.o(.text)
    .text                                    0x08000290   Section        0  _printf_char_file.o(.text)
    .text                                    0x080002b4   Section        0  _printf_char_common.o(.text)
    _printf_input_char                       0x080002b5   Thumb Code    10  _printf_char_common.o(.text)
    .text                                    0x080002e4   Section        0  ferror.o(.text)
    .text                                    0x080002ec   Section        0  initio.o(.text)
    .text                                    0x08000424   Section        0  sys_io.o(.text)
    .text                                    0x0800048a   Section       74  sys_stackheap_outer.o(.text)
    .text                                    0x080004d4   Section        0  h1_free.o(.text)
    .text                                    0x08000522   Section        0  __printf_nopercent.o(.text)
    .text                                    0x0800054a   Section        0  setvbuf.o(.text)
    .text                                    0x08000590   Section        0  fopen.o(.text)
    _freopen_locked                          0x08000591   Thumb Code     0  fopen.o(.text)
    .text                                    0x0800067c   Section        0  fclose.o(.text)
    .text                                    0x080006c8   Section        0  exit.o(.text)
    .text                                    0x080006da   Section        0  defsig_rtred_outer.o(.text)
    .text                                    0x080006e8   Section       78  rt_memclr_w.o(.text)
    .text                                    0x08000738   Section        8  libspace.o(.text)
    .text                                    0x08000740   Section        2  use_no_semi.o(.text)
    .text                                    0x08000742   Section        0  indicate_semi.o(.text)
    .text                                    0x08000744   Section        8  rt_heap_descriptor_intlibspace.o(.text)
    .text                                    0x0800074c   Section        0  hguard.o(.text)
    .text                                    0x08000750   Section        0  init_alloc.o(.text)
    .text                                    0x080007da   Section        0  h1_alloc.o(.text)
    .text                                    0x08000838   Section        0  fseek.o(.text)
    .text                                    0x08000930   Section        0  stdio.o(.text)
    .text                                    0x08000a20   Section        0  defsig_exit.o(.text)
    .text                                    0x08000a2c   Section        0  defsig_rtred_inner.o(.text)
    .text                                    0x08000a60   Section        0  strlen.o(.text)
    .text                                    0x08000aa0   Section        0  sys_exit.o(.text)
    .text                                    0x08000aac   Section        0  h1_init.o(.text)
    .text                                    0x08000aba   Section        0  h1_extend.o(.text)
    .text                                    0x08000aee   Section        0  ftell.o(.text)
    .text                                    0x08000b30   Section        0  defsig_general.o(.text)
    .text                                    0x08000b62   Section        0  defsig_rtmem_outer.o(.text)
    .text                                    0x08000b70   Section        0  sys_wrch.o(.text)
    .text                                    0x08000b80   Section        8  rt_errno_addr_intlibspace.o(.text)
    .text                                    0x08000b88   Section        0  defsig_rtmem_inner.o(.text)
    i.AppTaskCreate                          0x08000bd8   Section        0  main.o(i.AppTaskCreate)
    AppTaskCreate                            0x08000bd9   Thumb Code    40  main.o(i.AppTaskCreate)
    i.BSP_Init                               0x08000c18   Section        0  main.o(i.BSP_Init)
    BSP_Init                                 0x08000c19   Thumb Code    20  main.o(i.BSP_Init)
    i.BusFault_Handler                       0x08000c2c   Section        0  stm32f10x_it.o(i.BusFault_Handler)
    i.DebugMon_Handler                       0x08000c30   Section        0  stm32f10x_it.o(i.DebugMon_Handler)
    i.GPIO_Init                              0x08000c32   Section        0  stm32f10x_gpio.o(i.GPIO_Init)
    i.GPIO_ResetBits                         0x08000d48   Section        0  stm32f10x_gpio.o(i.GPIO_ResetBits)
    i.GPIO_SetBits                           0x08000d4c   Section        0  stm32f10x_gpio.o(i.GPIO_SetBits)
    i.HardFault_Handler                      0x08000d50   Section        0  stm32f10x_it.o(i.HardFault_Handler)
    i.LED_GPIO_CONFIG                        0x08000d54   Section        0  led.o(i.LED_GPIO_CONFIG)
    i.LED_OFF                                0x08000d88   Section        0  led.o(i.LED_OFF)
    i.LED_ON                                 0x08000d98   Section        0  led.o(i.LED_ON)
    i.LED_Task                               0x08000da8   Section        0  main.o(i.LED_Task)
    LED_Task                                 0x08000da9   Thumb Code    28  main.o(i.LED_Task)
    i.MemManage_Handler                      0x08000dc4   Section        0  stm32f10x_it.o(i.MemManage_Handler)
    i.NMI_Handler                            0x08000dc8   Section        0  stm32f10x_it.o(i.NMI_Handler)
    i.NVIC_Configuration                     0x08000dca   Section        0  usart.o(i.NVIC_Configuration)
    NVIC_Configuration                       0x08000dcb   Thumb Code    38  usart.o(i.NVIC_Configuration)
    i.NVIC_Init                              0x08000df0   Section        0  misc.o(i.NVIC_Init)
    i.NVIC_PriorityGroupConfig               0x08000e60   Section        0  misc.o(i.NVIC_PriorityGroupConfig)
    i.PendSV_Handler                         0x08000e74   Section        0  stm32f10x_it.o(i.PendSV_Handler)
    i.RCC_APB2PeriphClockCmd                 0x08000e78   Section        0  stm32f10x_rcc.o(i.RCC_APB2PeriphClockCmd)
    i.RCC_GetClocksFreq                      0x08000e98   Section        0  stm32f10x_rcc.o(i.RCC_GetClocksFreq)
    i.SVC_Handler                            0x08000f6c   Section        0  stm32f10x_it.o(i.SVC_Handler)
    i.SetSysClock                            0x08000f6e   Section        0  system_stm32f10x.o(i.SetSysClock)
    SetSysClock                              0x08000f6f   Thumb Code     8  system_stm32f10x.o(i.SetSysClock)
    i.SetSysClockTo72                        0x08000f78   Section        0  system_stm32f10x.o(i.SetSysClockTo72)
    SetSysClockTo72                          0x08000f79   Thumb Code   214  system_stm32f10x.o(i.SetSysClockTo72)
    i.SysTick_Handler                        0x08001058   Section        0  stm32f10x_it.o(i.SysTick_Handler)
    i.SystemInit                             0x0800105c   Section        0  system_stm32f10x.o(i.SystemInit)
    i.USART_Cmd                              0x080010bc   Section        0  stm32f10x_usart.o(i.USART_Cmd)
    i.USART_Config                           0x080010d4   Section        0  usart.o(i.USART_Config)
    i.USART_GetFlagStatus                    0x08001164   Section        0  stm32f10x_usart.o(i.USART_GetFlagStatus)
    i.USART_ITConfig                         0x0800117e   Section        0  stm32f10x_usart.o(i.USART_ITConfig)
    i.USART_Init                             0x080011c8   Section        0  stm32f10x_usart.o(i.USART_Init)
    i.USART_SendData                         0x080012a0   Section        0  stm32f10x_usart.o(i.USART_SendData)
    i.UsageFault_Handler                     0x080012a8   Section        0  stm32f10x_it.o(i.UsageFault_Handler)
    i.fputc                                  0x080012ac   Section        0  usart.o(i.fputc)
    i.main                                   0x080012d0   Section        0  main.o(i.main)
    i.prvAddCurrentTaskToDelayedList         0x08001328   Section        0  tasks.o(i.prvAddCurrentTaskToDelayedList)
    prvAddCurrentTaskToDelayedList           0x08001329   Thumb Code   124  tasks.o(i.prvAddCurrentTaskToDelayedList)
    i.prvAddNewTaskToReadyList               0x080013c0   Section        0  tasks.o(i.prvAddNewTaskToReadyList)
    prvAddNewTaskToReadyList                 0x080013c1   Thumb Code   150  tasks.o(i.prvAddNewTaskToReadyList)
    i.prvCheckTasksWaitingTermination        0x08001474   Section        0  tasks.o(i.prvCheckTasksWaitingTermination)
    prvCheckTasksWaitingTermination          0x08001475   Thumb Code    86  tasks.o(i.prvCheckTasksWaitingTermination)
    i.prvDeleteTCB                           0x080014d8   Section        0  tasks.o(i.prvDeleteTCB)
    prvDeleteTCB                             0x080014d9   Thumb Code    18  tasks.o(i.prvDeleteTCB)
    i.prvHeapInit                            0x080014ec   Section        0  heap_4.o(i.prvHeapInit)
    prvHeapInit                              0x080014ed   Thumb Code    98  heap_4.o(i.prvHeapInit)
    i.prvIdleTask                            0x08001568   Section        0  tasks.o(i.prvIdleTask)
    prvIdleTask                              0x08001569   Thumb Code    32  tasks.o(i.prvIdleTask)
    i.prvInitialiseNewTask                   0x08001590   Section        0  tasks.o(i.prvInitialiseNewTask)
    prvInitialiseNewTask                     0x08001591   Thumb Code   128  tasks.o(i.prvInitialiseNewTask)
    i.prvInitialiseTaskLists                 0x08001610   Section        0  tasks.o(i.prvInitialiseTaskLists)
    prvInitialiseTaskLists                   0x08001611   Thumb Code    70  tasks.o(i.prvInitialiseTaskLists)
    i.prvInsertBlockIntoFreeList             0x08001678   Section        0  heap_4.o(i.prvInsertBlockIntoFreeList)
    prvInsertBlockIntoFreeList               0x08001679   Thumb Code    96  heap_4.o(i.prvInsertBlockIntoFreeList)
    i.prvResetNextTaskUnblockTime            0x080016e0   Section        0  tasks.o(i.prvResetNextTaskUnblockTime)
    prvResetNextTaskUnblockTime              0x080016e1   Thumb Code    42  tasks.o(i.prvResetNextTaskUnblockTime)
    i.prvTaskExitError                       0x08001714   Section        0  port.o(i.prvTaskExitError)
    prvTaskExitError                         0x08001715   Thumb Code    22  port.o(i.prvTaskExitError)
    i.pvPortMalloc                           0x0800172c   Section        0  heap_4.o(i.pvPortMalloc)
    i.pxPortInitialiseStack                  0x080017fc   Section        0  port.o(i.pxPortInitialiseStack)
    i.uxListRemove                           0x08001820   Section        0  list.o(i.uxListRemove)
    i.vListInitialise                        0x08001848   Section        0  list.o(i.vListInitialise)
    i.vListInitialiseItem                    0x08001862   Section        0  list.o(i.vListInitialiseItem)
    i.vListInsert                            0x08001868   Section        0  list.o(i.vListInsert)
    i.vListInsertEnd                         0x0800189c   Section        0  list.o(i.vListInsertEnd)
    i.vPortEnterCritical                     0x080018b4   Section        0  port.o(i.vPortEnterCritical)
    i.vPortExitCritical                      0x080018d8   Section        0  port.o(i.vPortExitCritical)
    i.vPortFree                              0x080018f8   Section        0  heap_4.o(i.vPortFree)
    i.vPortSetupTimerInterrupt               0x08001940   Section        0  port.o(i.vPortSetupTimerInterrupt)
    i.vTaskDelay                             0x08001954   Section        0  tasks.o(i.vTaskDelay)
    i.vTaskDelete                            0x08001988   Section        0  tasks.o(i.vTaskDelete)
    i.vTaskStartScheduler                    0x08001a54   Section        0  tasks.o(i.vTaskStartScheduler)
    i.vTaskSuspendAll                        0x08001ab8   Section        0  tasks.o(i.vTaskSuspendAll)
    i.vTaskSwitchContext                     0x08001ac8   Section        0  tasks.o(i.vTaskSwitchContext)
    i.xPortStartScheduler                    0x08001b28   Section        0  port.o(i.xPortStartScheduler)
    i.xTaskCreate                            0x08001b5c   Section        0  tasks.o(i.xTaskCreate)
    i.xTaskIncrementTick                     0x08001bbc   Section        0  tasks.o(i.xTaskIncrementTick)
    i.xTaskResumeAll                         0x08001cd8   Section        0  tasks.o(i.xTaskResumeAll)
    .constdata                               0x08001dc0   Section        4  sys_io.o(.constdata)
    .constdata                               0x08001dc4   Section        4  sys_io.o(.constdata)
    .constdata                               0x08001dc8   Section        4  sys_io.o(.constdata)
    .data                                    0x20000000   Section        8  main.o(.data)
    AppTaskCreate_Handle                     0x20000000   Data           4  main.o(.data)
    LED_Task_Handle                          0x20000004   Data           4  main.o(.data)
    .data                                    0x20000008   Section       60  tasks.o(.data)
    pxDelayedTaskList                        0x2000000c   Data           4  tasks.o(.data)
    pxOverflowDelayedTaskList                0x20000010   Data           4  tasks.o(.data)
    uxDeletedTasksWaitingCleanUp             0x20000014   Data           4  tasks.o(.data)
    uxCurrentNumberOfTasks                   0x20000018   Data           4  tasks.o(.data)
    xTickCount                               0x2000001c   Data           4  tasks.o(.data)
    uxTopReadyPriority                       0x20000020   Data           4  tasks.o(.data)
    xSchedulerRunning                        0x20000024   Data           4  tasks.o(.data)
    uxPendedTicks                            0x20000028   Data           4  tasks.o(.data)
    xYieldPending                            0x2000002c   Data           4  tasks.o(.data)
    xNumOfOverflows                          0x20000030   Data           4  tasks.o(.data)
    uxTaskNumber                             0x20000034   Data           4  tasks.o(.data)
    xNextTaskUnblockTime                     0x20000038   Data           4  tasks.o(.data)
    xIdleTaskHandle                          0x2000003c   Data           4  tasks.o(.data)
    uxSchedulerSuspended                     0x20000040   Data           4  tasks.o(.data)
    .data                                    0x20000044   Section        4  port.o(.data)
    uxCriticalNesting                        0x20000044   Data           4  port.o(.data)
    .data                                    0x20000048   Section       24  heap_4.o(.data)
    xStart                                   0x20000048   Data           8  heap_4.o(.data)
    pxEnd                                    0x20000050   Data           4  heap_4.o(.data)
    xFreeBytesRemaining                      0x20000054   Data           4  heap_4.o(.data)
    xMinimumEverFreeBytesRemaining           0x20000058   Data           4  heap_4.o(.data)
    xBlockAllocatedBit                       0x2000005c   Data           4  heap_4.o(.data)
    .data                                    0x20000060   Section       20  stm32f10x_rcc.o(.data)
    APBAHBPrescTable                         0x20000060   Data          16  stm32f10x_rcc.o(.data)
    ADCPrescTable                            0x20000070   Data           4  stm32f10x_rcc.o(.data)
    .data                                    0x20000074   Section        4  stdio_streams.o(.data)
    .data                                    0x20000078   Section        4  stdio_streams.o(.data)
    .data                                    0x2000007c   Section        4  stdio_streams.o(.data)
    .bss                                     0x20000080   Section      200  tasks.o(.bss)
    pxReadyTasksLists                        0x20000080   Data         100  tasks.o(.bss)
    xDelayedTaskList1                        0x200000e4   Data          20  tasks.o(.bss)
    xDelayedTaskList2                        0x200000f8   Data          20  tasks.o(.bss)
    xPendingReadyList                        0x2000010c   Data          20  tasks.o(.bss)
    xTasksWaitingTermination                 0x20000120   Data          20  tasks.o(.bss)
    xSuspendedTaskList                       0x20000134   Data          20  tasks.o(.bss)
    .bss                                     0x20000148   Section    17408  heap_4.o(.bss)
    ucHeap                                   0x20000148   Data       17408  heap_4.o(.bss)
    .bss                                     0x20004548   Section       84  stdio_streams.o(.bss)
    .bss                                     0x2000459c   Section       84  stdio_streams.o(.bss)
    .bss                                     0x200045f0   Section       84  stdio_streams.o(.bss)
    .bss                                     0x20004644   Section       96  libspace.o(.bss)
    HEAP                                     0x200046a8   Section      512  startup_stm32f10x_md.o(HEAP)
    Heap_Mem                                 0x200046a8   Data         512  startup_stm32f10x_md.o(HEAP)
    STACK                                    0x200048a8   Section     1024  startup_stm32f10x_md.o(STACK)
    Stack_Mem                                0x200048a8   Data        1024  startup_stm32f10x_md.o(STACK)
    __initial_sp                             0x20004ca8   Data           0  startup_stm32f10x_md.o(STACK)

    Global Symbols

    Symbol Name                              Value     Ov Type        Size  Object(Section)

    BuildAttributes$$THM_ISAv4$P$D$K$B$S$PE$A:L22UL41UL21$X:L11$S22US41US21$IEEE1$IW$USESV6$~STKCKD$USESV7$~SHL$OTIME$ROPI$EBA8$UX$STANDARDLIB$REQ8$PRES8$EABIv2 0x00000000   Number         0  anon$$obj.o ABSOLUTE
    __ARM_use_no_argv                        0x00000000   Number         0  main.o ABSOLUTE
    __ARM_exceptions_init                     - Undefined Weak Reference
    __alloca_initialize                       - Undefined Weak Reference
    __arm_preinit_                            - Undefined Weak Reference
    __cpp_initialize__aeabi_                  - Undefined Weak Reference
    __cxa_finalize                            - Undefined Weak Reference
    __rt_locale                               - Undefined Weak Reference
    __sigvec_lookup                           - Undefined Weak Reference
    __user_heap_extent                        - Undefined Weak Reference
    _atexit_init                              - Undefined Weak Reference
    _call_atexit_fns                          - Undefined Weak Reference
    _clock_init                               - Undefined Weak Reference
    _fp_trap_init                             - Undefined Weak Reference
    _fp_trap_shutdown                         - Undefined Weak Reference
    _get_lc_collate                           - Undefined Weak Reference
    _get_lc_ctype                             - Undefined Weak Reference
    _get_lc_monetary                          - Undefined Weak Reference
    _get_lc_numeric                           - Undefined Weak Reference
    _get_lc_time                              - Undefined Weak Reference
    _getenv_init                              - Undefined Weak Reference
    _handle_redirection                       - Undefined Weak Reference
    _mutex_acquire                            - Undefined Weak Reference
    _mutex_free                               - Undefined Weak Reference
    _mutex_release                            - Undefined Weak Reference
    _rand_init                                - Undefined Weak Reference
    _signal_finish                            - Undefined Weak Reference
    _signal_init                              - Undefined Weak Reference
    __Vectors_Size                           0x000000ec   Number         0  startup_stm32f10x_md.o ABSOLUTE
    __Vectors                                0x08000000   Data           4  startup_stm32f10x_md.o(RESET)
    __Vectors_End                            0x080000ec   Data           0  startup_stm32f10x_md.o(RESET)
    __main                                   0x080000ed   Thumb Code     8  __main.o(!!!main)
    __scatterload                            0x080000f5   Thumb Code     0  __scatter.o(!!!scatter)
    __scatterload_rt2                        0x080000f5   Thumb Code    44  __scatter.o(!!!scatter)
    __scatterload_rt2_thumb_only             0x080000f5   Thumb Code     0  __scatter.o(!!!scatter)
    __scatterload_null                       0x08000103   Thumb Code     0  __scatter.o(!!!scatter)
    __scatterload_copy                       0x08000129   Thumb Code    26  __scatter_copy.o(!!handler_copy)
    __scatterload_zeroinit                   0x08000145   Thumb Code    28  __scatter_zi.o(!!handler_zi)
    __rt_lib_init                            0x08000161   Thumb Code     0  libinit.o(.ARM.Collect$$libinit$$00000000)
    __rt_lib_init_fp_1                       0x08000163   Thumb Code     0  libinit2.o(.ARM.Collect$$libinit$$00000002)
    __rt_lib_init_heap_2                     0x08000163   Thumb Code     0  libinit2.o(.ARM.Collect$$libinit$$00000005)
    __rt_lib_init_preinit_1                  0x08000163   Thumb Code     0  libinit2.o(.ARM.Collect$$libinit$$00000004)
    __rt_lib_init_atexit_1                   0x0800016b   Thumb Code     0  libinit2.o(.ARM.Collect$$libinit$$0000001B)
    __rt_lib_init_clock_1                    0x0800016b   Thumb Code     0  libinit2.o(.ARM.Collect$$libinit$$00000021)
    __rt_lib_init_fp_trap_1                  0x0800016b   Thumb Code     0  libinit2.o(.ARM.Collect$$libinit$$0000001F)
    __rt_lib_init_getenv_1                   0x0800016b   Thumb Code     0  libinit2.o(.ARM.Collect$$libinit$$00000023)
    __rt_lib_init_heap_1                     0x0800016b   Thumb Code     0  libinit2.o(.ARM.Collect$$libinit$$0000000A)
    __rt_lib_init_lc_collate_1               0x0800016b   Thumb Code     0  libinit2.o(.ARM.Collect$$libinit$$00000011)
    __rt_lib_init_lc_ctype_1                 0x0800016b   Thumb Code     0  libinit2.o(.ARM.Collect$$libinit$$00000013)
    __rt_lib_init_lc_monetary_1              0x0800016b   Thumb Code     0  libinit2.o(.ARM.Collect$$libinit$$00000015)
    __rt_lib_init_lc_numeric_1               0x0800016b   Thumb Code     0  libinit2.o(.ARM.Collect$$libinit$$00000017)
    __rt_lib_init_lc_time_1                  0x0800016b   Thumb Code     0  libinit2.o(.ARM.Collect$$libinit$$00000019)
    __rt_lib_init_rand_1                     0x0800016b   Thumb Code     0  libinit2.o(.ARM.Collect$$libinit$$0000000E)
    __rt_lib_init_signal_1                   0x0800016b   Thumb Code     0  libinit2.o(.ARM.Collect$$libinit$$0000001D)
    __rt_lib_init_stdio_2                    0x0800016b   Thumb Code     0  libinit2.o(.ARM.Collect$$libinit$$00000024)
    __rt_lib_init_user_alloc_1               0x0800016b   Thumb Code     0  libinit2.o(.ARM.Collect$$libinit$$0000000C)
    __rt_lib_init_alloca_1                   0x0800016f   Thumb Code     0  libinit2.o(.ARM.Collect$$libinit$$0000002E)
    __rt_lib_init_argv_1                     0x0800016f   Thumb Code     0  libinit2.o(.ARM.Collect$$libinit$$0000002C)
    __rt_lib_init_cpp_1                      0x0800016f   Thumb Code     0  libinit2.o(.ARM.Collect$$libinit$$00000032)
    __rt_lib_init_exceptions_1               0x0800016f   Thumb Code     0  libinit2.o(.ARM.Collect$$libinit$$00000030)
    __rt_lib_init_return                     0x0800016f   Thumb Code     0  libinit2.o(.ARM.Collect$$libinit$$00000033)
    __rt_lib_init_stdio_1                    0x0800016f   Thumb Code     0  libinit2.o(.ARM.Collect$$libinit$$00000025)
    __rt_lib_shutdown                        0x08000171   Thumb Code     0  libshutdown.o(.ARM.Collect$$libshutdown$$00000000)
    __rt_lib_shutdown_cpp_1                  0x08000173   Thumb Code     0  libshutdown2.o(.ARM.Collect$$libshutdown$$00000002)
    __rt_lib_shutdown_stdio_2                0x08000173   Thumb Code     0  libshutdown2.o(.ARM.Collect$$libshutdown$$00000003)
    __rt_lib_shutdown_fp_trap_1              0x08000177   Thumb Code     0  libshutdown2.o(.ARM.Collect$$libshutdown$$00000007)
    __rt_lib_shutdown_heap_1                 0x08000177   Thumb Code     0  libshutdown2.o(.ARM.Collect$$libshutdown$$0000000F)
    __rt_lib_shutdown_return                 0x08000177   Thumb Code     0  libshutdown2.o(.ARM.Collect$$libshutdown$$00000010)
    __rt_lib_shutdown_signal_1               0x08000177   Thumb Code     0  libshutdown2.o(.ARM.Collect$$libshutdown$$0000000A)
    __rt_lib_shutdown_stdio_1                0x08000177   Thumb Code     0  libshutdown2.o(.ARM.Collect$$libshutdown$$00000004)
    __rt_lib_shutdown_user_alloc_1           0x08000177   Thumb Code     0  libshutdown2.o(.ARM.Collect$$libshutdown$$0000000C)
    __rt_entry                               0x08000179   Thumb Code     0  __rtentry.o(.ARM.Collect$$rtentry$$00000000)
    __rt_entry_presh_1                       0x08000179   Thumb Code     0  __rtentry2.o(.ARM.Collect$$rtentry$$00000002)
    __rt_entry_sh                            0x08000179   Thumb Code     0  __rtentry4.o(.ARM.Collect$$rtentry$$00000004)
    __rt_entry_li                            0x0800017f   Thumb Code     0  __rtentry2.o(.ARM.Collect$$rtentry$$0000000A)
    __rt_entry_postsh_1                      0x0800017f   Thumb Code     0  __rtentry2.o(.ARM.Collect$$rtentry$$00000009)
    __rt_entry_main                          0x08000183   Thumb Code     0  __rtentry2.o(.ARM.Collect$$rtentry$$0000000D)
    __rt_entry_postli_1                      0x08000183   Thumb Code     0  __rtentry2.o(.ARM.Collect$$rtentry$$0000000C)
    __rt_exit                                0x0800018b   Thumb Code     0  rtexit.o(.ARM.Collect$$rtexit$$00000000)
    __rt_exit_ls                             0x0800018d   Thumb Code     0  rtexit2.o(.ARM.Collect$$rtexit$$00000003)
    __rt_exit_prels_1                        0x0800018d   Thumb Code     0  rtexit2.o(.ARM.Collect$$rtexit$$00000002)
    __rt_exit_exit                           0x08000191   Thumb Code     0  rtexit2.o(.ARM.Collect$$rtexit$$00000004)
    vPortSVCHandler                          0x08000199   Thumb Code    32  port.o(.emb_text)
    __asm___6_port_c_39a90d8d__prvStartFirstTask 0x080001bd   Thumb Code    28  port.o(.emb_text)
    xPortPendSVHandler                       0x080001dd   Thumb Code    72  port.o(.emb_text)
    vPortGetIPSR                             0x08000229   Thumb Code     6  port.o(.emb_text)
    Reset_Handler                            0x08000231   Thumb Code     8  startup_stm32f10x_md.o(.text)
    _maybe_terminate_alloc                   0x08000231   Thumb Code     0  maybetermalloc1.o(.emb_text)
    ADC1_2_IRQHandler                        0x0800024b   Thumb Code     0  startup_stm32f10x_md.o(.text)
    CAN1_RX1_IRQHandler                      0x0800024b   Thumb Code     0  startup_stm32f10x_md.o(.text)
    CAN1_SCE_IRQHandler                      0x0800024b   Thumb Code     0  startup_stm32f10x_md.o(.text)
    DMA1_Channel1_IRQHandler                 0x0800024b   Thumb Code     0  startup_stm32f10x_md.o(.text)
    DMA1_Channel2_IRQHandler                 0x0800024b   Thumb Code     0  startup_stm32f10x_md.o(.text)
    DMA1_Channel3_IRQHandler                 0x0800024b   Thumb Code     0  startup_stm32f10x_md.o(.text)
    DMA1_Channel4_IRQHandler                 0x0800024b   Thumb Code     0  startup_stm32f10x_md.o(.text)
    DMA1_Channel5_IRQHandler                 0x0800024b   Thumb Code     0  startup_stm32f10x_md.o(.text)
    DMA1_Channel6_IRQHandler                 0x0800024b   Thumb Code     0  startup_stm32f10x_md.o(.text)
    DMA1_Channel7_IRQHandler                 0x0800024b   Thumb Code     0  startup_stm32f10x_md.o(.text)
    EXTI0_IRQHandler                         0x0800024b   Thumb Code     0  startup_stm32f10x_md.o(.text)
    EXTI15_10_IRQHandler                     0x0800024b   Thumb Code     0  startup_stm32f10x_md.o(.text)
    EXTI1_IRQHandler                         0x0800024b   Thumb Code     0  startup_stm32f10x_md.o(.text)
    EXTI2_IRQHandler                         0x0800024b   Thumb Code     0  startup_stm32f10x_md.o(.text)
    EXTI3_IRQHandler                         0x0800024b   Thumb Code     0  startup_stm32f10x_md.o(.text)
    EXTI4_IRQHandler                         0x0800024b   Thumb Code     0  startup_stm32f10x_md.o(.text)
    EXTI9_5_IRQHandler                       0x0800024b   Thumb Code     0  startup_stm32f10x_md.o(.text)
    FLASH_IRQHandler                         0x0800024b   Thumb Code     0  startup_stm32f10x_md.o(.text)
    I2C1_ER_IRQHandler                       0x0800024b   Thumb Code     0  startup_stm32f10x_md.o(.text)
    I2C1_EV_IRQHandler                       0x0800024b   Thumb Code     0  startup_stm32f10x_md.o(.text)
    I2C2_ER_IRQHandler                       0x0800024b   Thumb Code     0  startup_stm32f10x_md.o(.text)
    I2C2_EV_IRQHandler                       0x0800024b   Thumb Code     0  startup_stm32f10x_md.o(.text)
    PVD_IRQHandler                           0x0800024b   Thumb Code     0  startup_stm32f10x_md.o(.text)
    RCC_IRQHandler                           0x0800024b   Thumb Code     0  startup_stm32f10x_md.o(.text)
    RTCAlarm_IRQHandler                      0x0800024b   Thumb Code     0  startup_stm32f10x_md.o(.text)
    RTC_IRQHandler                           0x0800024b   Thumb Code     0  startup_stm32f10x_md.o(.text)
    SPI1_IRQHandler                          0x0800024b   Thumb Code     0  startup_stm32f10x_md.o(.text)
    SPI2_IRQHandler                          0x0800024b   Thumb Code     0  startup_stm32f10x_md.o(.text)
    TAMPER_IRQHandler                        0x0800024b   Thumb Code     0  startup_stm32f10x_md.o(.text)
    TIM1_BRK_IRQHandler                      0x0800024b   Thumb Code     0  startup_stm32f10x_md.o(.text)
    TIM1_CC_IRQHandler                       0x0800024b   Thumb Code     0  startup_stm32f10x_md.o(.text)
    TIM1_TRG_COM_IRQHandler                  0x0800024b   Thumb Code     0  startup_stm32f10x_md.o(.text)
    TIM1_UP_IRQHandler                       0x0800024b   Thumb Code     0  startup_stm32f10x_md.o(.text)
    TIM2_IRQHandler                          0x0800024b   Thumb Code     0  startup_stm32f10x_md.o(.text)
    TIM3_IRQHandler                          0x0800024b   Thumb Code     0  startup_stm32f10x_md.o(.text)
    TIM4_IRQHandler                          0x0800024b   Thumb Code     0  startup_stm32f10x_md.o(.text)
    USART1_IRQHandler                        0x0800024b   Thumb Code     0  startup_stm32f10x_md.o(.text)
    USART2_IRQHandler                        0x0800024b   Thumb Code     0  startup_stm32f10x_md.o(.text)
    USART3_IRQHandler                        0x0800024b   Thumb Code     0  startup_stm32f10x_md.o(.text)
    USBWakeUp_IRQHandler                     0x0800024b   Thumb Code     0  startup_stm32f10x_md.o(.text)
    USB_HP_CAN1_TX_IRQHandler                0x0800024b   Thumb Code     0  startup_stm32f10x_md.o(.text)
    USB_LP_CAN1_RX0_IRQHandler               0x0800024b   Thumb Code     0  startup_stm32f10x_md.o(.text)
    WWDG_IRQHandler                          0x0800024b   Thumb Code     0  startup_stm32f10x_md.o(.text)
    __user_initial_stackheap                 0x0800024d   Thumb Code     0  startup_stm32f10x_md.o(.text)
    __2printf                                0x08000271   Thumb Code    20  noretval__2printf.o(.text)
    __use_two_region_memory                  0x08000289   Thumb Code     2  heapauxi.o(.text)
    __rt_heap_escrow                         0x0800028b   Thumb Code     2  heapauxi.o(.text)
    __rt_heap_expand                         0x0800028d   Thumb Code     2  heapauxi.o(.text)
    _printf_char_file                        0x08000291   Thumb Code    32  _printf_char_file.o(.text)
    _printf_char_common                      0x080002bf   Thumb Code    32  _printf_char_common.o(.text)
    ferror                                   0x080002e5   Thumb Code     8  ferror.o(.text)
    _initio                                  0x080002ed   Thumb Code   210  initio.o(.text)
    _terminateio                             0x080003bf   Thumb Code    56  initio.o(.text)
    _sys_open                                0x08000425   Thumb Code    20  sys_io.o(.text)
    _sys_close                               0x08000439   Thumb Code    12  sys_io.o(.text)
    _sys_write                               0x08000445   Thumb Code    16  sys_io.o(.text)
    _sys_read                                0x08000455   Thumb Code    14  sys_io.o(.text)
    _sys_istty                               0x08000463   Thumb Code    12  sys_io.o(.text)
    _sys_seek                                0x0800046f   Thumb Code    14  sys_io.o(.text)
    _sys_ensure                              0x0800047d   Thumb Code     2  sys_io.o(.text)
    _sys_flen                                0x0800047f   Thumb Code    12  sys_io.o(.text)
    __user_setup_stackheap                   0x0800048b   Thumb Code    74  sys_stackheap_outer.o(.text)
    free                                     0x080004d5   Thumb Code    78  h1_free.o(.text)
    __printf                                 0x08000523   Thumb Code    40  __printf_nopercent.o(.text)
    setvbuf                                  0x0800054b   Thumb Code    70  setvbuf.o(.text)
    freopen                                  0x08000591   Thumb Code   158  fopen.o(.text)
    fopen                                    0x0800062f   Thumb Code    74  fopen.o(.text)
    _fclose_internal                         0x0800067d   Thumb Code    76  fclose.o(.text)
    fclose                                   0x0800067d   Thumb Code     0  fclose.o(.text)
    exit                                     0x080006c9   Thumb Code    18  exit.o(.text)
    __rt_SIGRTRED                            0x080006db   Thumb Code    14  defsig_rtred_outer.o(.text)
    __aeabi_memclr4                          0x080006e9   Thumb Code     0  rt_memclr_w.o(.text)
    __aeabi_memclr8                          0x080006e9   Thumb Code     0  rt_memclr_w.o(.text)
    __rt_memclr_w                            0x080006e9   Thumb Code    78  rt_memclr_w.o(.text)
    _memset_w                                0x080006ed   Thumb Code     0  rt_memclr_w.o(.text)
    __user_libspace                          0x08000739   Thumb Code     8  libspace.o(.text)
    __user_perproc_libspace                  0x08000739   Thumb Code     0  libspace.o(.text)
    __user_perthread_libspace                0x08000739   Thumb Code     0  libspace.o(.text)
    __I$use$semihosting                      0x08000741   Thumb Code     0  use_no_semi.o(.text)
    __use_no_semihosting_swi                 0x08000741   Thumb Code     2  use_no_semi.o(.text)
    __semihosting_library_function           0x08000743   Thumb Code     0  indicate_semi.o(.text)
    __rt_heap_descriptor                     0x08000745   Thumb Code     8  rt_heap_descriptor_intlibspace.o(.text)
    __use_no_heap                            0x0800074d   Thumb Code     2  hguard.o(.text)
    __heap$guard                             0x0800074f   Thumb Code     2  hguard.o(.text)
    _terminate_user_alloc                    0x08000751   Thumb Code     2  init_alloc.o(.text)
    _init_user_alloc                         0x08000753   Thumb Code     2  init_alloc.o(.text)
    __Heap_Full                              0x08000755   Thumb Code    34  init_alloc.o(.text)
    __Heap_Broken                            0x08000777   Thumb Code     6  init_alloc.o(.text)
    _init_alloc                              0x0800077d   Thumb Code    94  init_alloc.o(.text)
    malloc                                   0x080007db   Thumb Code    94  h1_alloc.o(.text)
    _fseek                                   0x08000839   Thumb Code   242  fseek.o(.text)
    fseek                                    0x08000839   Thumb Code     0  fseek.o(.text)
    _seterr                                  0x08000931   Thumb Code    20  stdio.o(.text)
    _writebuf                                0x08000945   Thumb Code    84  stdio.o(.text)
    _fflush                                  0x08000999   Thumb Code    70  stdio.o(.text)
    _deferredlazyseek                        0x080009df   Thumb Code    60  stdio.o(.text)
    __sig_exit                               0x08000a21   Thumb Code    10  defsig_exit.o(.text)
    __rt_SIGRTRED_inner                      0x08000a2d   Thumb Code    14  defsig_rtred_inner.o(.text)
    strlen                                   0x08000a61   Thumb Code    62  strlen.o(.text)
    _sys_exit                                0x08000aa1   Thumb Code     8  sys_exit.o(.text)
    __Heap_Initialize                        0x08000aad   Thumb Code    10  h1_init.o(.text)
    __Heap_DescSize                          0x08000ab7   Thumb Code     4  h1_init.o(.text)
    __Heap_ProvideMemory                     0x08000abb   Thumb Code    52  h1_extend.o(.text)
    _ftell_internal                          0x08000aef   Thumb Code    66  ftell.o(.text)
    ftell                                    0x08000aef   Thumb Code     0  ftell.o(.text)
    __default_signal_display                 0x08000b31   Thumb Code    50  defsig_general.o(.text)
    __rt_SIGRTMEM                            0x08000b63   Thumb Code    14  defsig_rtmem_outer.o(.text)
    _ttywrch                                 0x08000b71   Thumb Code    14  sys_wrch.o(.text)
    __aeabi_errno_addr                       0x08000b81   Thumb Code     8  rt_errno_addr_intlibspace.o(.text)
    __errno$intlibspace                      0x08000b81   Thumb Code     0  rt_errno_addr_intlibspace.o(.text)
    __rt_errno_addr$intlibspace              0x08000b81   Thumb Code     0  rt_errno_addr_intlibspace.o(.text)
    __rt_SIGRTMEM_inner                      0x08000b89   Thumb Code    22  defsig_rtmem_inner.o(.text)
    BusFault_Handler                         0x08000c2d   Thumb Code     4  stm32f10x_it.o(i.BusFault_Handler)
    DebugMon_Handler                         0x08000c31   Thumb Code     2  stm32f10x_it.o(i.DebugMon_Handler)
    GPIO_Init                                0x08000c33   Thumb Code   278  stm32f10x_gpio.o(i.GPIO_Init)
    GPIO_ResetBits                           0x08000d49   Thumb Code     4  stm32f10x_gpio.o(i.GPIO_ResetBits)
    GPIO_SetBits                             0x08000d4d   Thumb Code     4  stm32f10x_gpio.o(i.GPIO_SetBits)
    HardFault_Handler                        0x08000d51   Thumb Code     4  stm32f10x_it.o(i.HardFault_Handler)
    LED_GPIO_CONFIG                          0x08000d55   Thumb Code    46  led.o(i.LED_GPIO_CONFIG)
    LED_OFF                                  0x08000d89   Thumb Code    12  led.o(i.LED_OFF)
    LED_ON                                   0x08000d99   Thumb Code    12  led.o(i.LED_ON)
    MemManage_Handler                        0x08000dc5   Thumb Code     4  stm32f10x_it.o(i.MemManage_Handler)
    NMI_Handler                              0x08000dc9   Thumb Code     2  stm32f10x_it.o(i.NMI_Handler)
    NVIC_Init                                0x08000df1   Thumb Code   100  misc.o(i.NVIC_Init)
    NVIC_PriorityGroupConfig                 0x08000e61   Thumb Code    10  misc.o(i.NVIC_PriorityGroupConfig)
    PendSV_Handler                           0x08000e75   Thumb Code     2  stm32f10x_it.o(i.PendSV_Handler)
    RCC_APB2PeriphClockCmd                   0x08000e79   Thumb Code    26  stm32f10x_rcc.o(i.RCC_APB2PeriphClockCmd)
    RCC_GetClocksFreq                        0x08000e99   Thumb Code   192  stm32f10x_rcc.o(i.RCC_GetClocksFreq)
    SVC_Handler                              0x08000f6d   Thumb Code     2  stm32f10x_it.o(i.SVC_Handler)
    SysTick_Handler                          0x08001059   Thumb Code     2  stm32f10x_it.o(i.SysTick_Handler)
    SystemInit                               0x0800105d   Thumb Code    78  system_stm32f10x.o(i.SystemInit)
    USART_Cmd                                0x080010bd   Thumb Code    24  stm32f10x_usart.o(i.USART_Cmd)
    USART_Config                             0x080010d5   Thumb Code   136  usart.o(i.USART_Config)
    USART_GetFlagStatus                      0x08001165   Thumb Code    26  stm32f10x_usart.o(i.USART_GetFlagStatus)
    USART_ITConfig                           0x0800117f   Thumb Code    74  stm32f10x_usart.o(i.USART_ITConfig)
    USART_Init                               0x080011c9   Thumb Code   210  stm32f10x_usart.o(i.USART_Init)
    USART_SendData                           0x080012a1   Thumb Code     8  stm32f10x_usart.o(i.USART_SendData)
    UsageFault_Handler                       0x080012a9   Thumb Code     4  stm32f10x_it.o(i.UsageFault_Handler)
    fputc                                    0x080012ad   Thumb Code    32  usart.o(i.fputc)
    main                                     0x080012d1   Thumb Code    56  main.o(i.main)
    pvPortMalloc                             0x0800172d   Thumb Code   188  heap_4.o(i.pvPortMalloc)
    pxPortInitialiseStack                    0x080017fd   Thumb Code    30  port.o(i.pxPortInitialiseStack)
    uxListRemove                             0x08001821   Thumb Code    40  list.o(i.uxListRemove)
    vListInitialise                          0x08001849   Thumb Code    26  list.o(i.vListInitialise)
    vListInitialiseItem                      0x08001863   Thumb Code     6  list.o(i.vListInitialiseItem)
    vListInsert                              0x08001869   Thumb Code    52  list.o(i.vListInsert)
    vListInsertEnd                           0x0800189d   Thumb Code    24  list.o(i.vListInsertEnd)
    vPortEnterCritical                       0x080018b5   Thumb Code    30  port.o(i.vPortEnterCritical)
    vPortExitCritical                        0x080018d9   Thumb Code    28  port.o(i.vPortExitCritical)
    vPortFree                                0x080018f9   Thumb Code    64  heap_4.o(i.vPortFree)
    vPortSetupTimerInterrupt                 0x08001941   Thumb Code    14  port.o(i.vPortSetupTimerInterrupt)
    vTaskDelay                               0x08001955   Thumb Code    46  tasks.o(i.vTaskDelay)
    vTaskDelete                              0x08001989   Thumb Code   166  tasks.o(i.vTaskDelete)
    vTaskStartScheduler                      0x08001a55   Thumb Code    72  tasks.o(i.vTaskStartScheduler)
    vTaskSuspendAll                          0x08001ab9   Thumb Code    12  tasks.o(i.vTaskSuspendAll)
    vTaskSwitchContext                       0x08001ac9   Thumb Code    76  tasks.o(i.vTaskSwitchContext)
    xPortStartScheduler                      0x08001b29   Thumb Code    42  port.o(i.xPortStartScheduler)
    xTaskCreate                              0x08001b5d   Thumb Code    96  tasks.o(i.xTaskCreate)
    xTaskIncrementTick                       0x08001bbd   Thumb Code   238  tasks.o(i.xTaskIncrementTick)
    xTaskResumeAll                           0x08001cd9   Thumb Code   196  tasks.o(i.xTaskResumeAll)
    __stdin_name                             0x08001dc0   Data           4  sys_io.o(.constdata)
    __stdout_name                            0x08001dc4   Data           4  sys_io.o(.constdata)
    __stderr_name                            0x08001dc8   Data           4  sys_io.o(.constdata)
    Region$$Table$$Base                      0x08001dcc   Number         0  anon$$obj.o(Region$$Table)
    Region$$Table$$Limit                     0x08001dec   Number         0  anon$$obj.o(Region$$Table)
    pxCurrentTCB                             0x20000008   Data           4  tasks.o(.data)
    __aeabi_stdin                            0x20000074   Data           4  stdio_streams.o(.data)
    __aeabi_stdout                           0x20000078   Data           4  stdio_streams.o(.data)
    __aeabi_stderr                           0x2000007c   Data           4  stdio_streams.o(.data)
    __stdin                                  0x20004548   Data          84  stdio_streams.o(.bss)
    __stdout                                 0x2000459c   Data          84  stdio_streams.o(.bss)
    __stderr                                 0x200045f0   Data          84  stdio_streams.o(.bss)
    __libspace_start                         0x20004644   Data          96  libspace.o(.bss)
    __temporary_stack_top$libspace           0x200046a4   Data           0  libspace.o(.bss)



==============================================================================

Memory Map of the image

  Image Entry point : 0x080000ed

  Load Region LR_IROM1 (Base: 0x08000000, Size: 0x00001e6c, Max: 0x00010000, ABSOLUTE)

    Execution Region ER_IROM1 (Exec base: 0x08000000, Load base: 0x08000000, Size: 0x00001dec, Max: 0x00010000, ABSOLUTE)

    Exec Addr    Load Addr    Size         Type   Attr      Idx    E Section Name        Object

    0x08000000   0x08000000   0x000000ec   Data   RO         3933    RESET               startup_stm32f10x_md.o
    0x080000ec   0x080000ec   0x00000008   Code   RO         4088  * !!!main             c_w.l(__main.o)
    0x080000f4   0x080000f4   0x00000034   Code   RO         4408    !!!scatter          c_w.l(__scatter.o)
    0x08000128   0x08000128   0x0000001a   Code   RO         4410    !!handler_copy      c_w.l(__scatter_copy.o)
    0x08000142   0x08000142   0x00000002   PAD
    0x08000144   0x08000144   0x0000001c   Code   RO         4412    !!handler_zi        c_w.l(__scatter_zi.o)
    0x08000160   0x08000160   0x00000002   Code   RO         4217    .ARM.Collect$$libinit$$00000000  c_w.l(libinit.o)
    0x08000162   0x08000162   0x00000000   Code   RO         4219    .ARM.Collect$$libinit$$00000002  c_w.l(libinit2.o)
    0x08000162   0x08000162   0x00000000   Code   RO         4221    .ARM.Collect$$libinit$$00000004  c_w.l(libinit2.o)
    0x08000162   0x08000162   0x00000008   Code   RO         4222    .ARM.Collect$$libinit$$00000005  c_w.l(libinit2.o)
    0x0800016a   0x0800016a   0x00000000   Code   RO         4224    .ARM.Collect$$libinit$$0000000A  c_w.l(libinit2.o)
    0x0800016a   0x0800016a   0x00000000   Code   RO         4226    .ARM.Collect$$libinit$$0000000C  c_w.l(libinit2.o)
    0x0800016a   0x0800016a   0x00000000   Code   RO         4228    .ARM.Collect$$libinit$$0000000E  c_w.l(libinit2.o)
    0x0800016a   0x0800016a   0x00000000   Code   RO         4231    .ARM.Collect$$libinit$$00000011  c_w.l(libinit2.o)
    0x0800016a   0x0800016a   0x00000000   Code   RO         4233    .ARM.Collect$$libinit$$00000013  c_w.l(libinit2.o)
    0x0800016a   0x0800016a   0x00000000   Code   RO         4235    .ARM.Collect$$libinit$$00000015  c_w.l(libinit2.o)
    0x0800016a   0x0800016a   0x00000000   Code   RO         4237    .ARM.Collect$$libinit$$00000017  c_w.l(libinit2.o)
    0x0800016a   0x0800016a   0x00000000   Code   RO         4239    .ARM.Collect$$libinit$$00000019  c_w.l(libinit2.o)
    0x0800016a   0x0800016a   0x00000000   Code   RO         4241    .ARM.Collect$$libinit$$0000001B  c_w.l(libinit2.o)
    0x0800016a   0x0800016a   0x00000000   Code   RO         4243    .ARM.Collect$$libinit$$0000001D  c_w.l(libinit2.o)
    0x0800016a   0x0800016a   0x00000000   Code   RO         4245    .ARM.Collect$$libinit$$0000001F  c_w.l(libinit2.o)
    0x0800016a   0x0800016a   0x00000000   Code   RO         4247    .ARM.Collect$$libinit$$00000021  c_w.l(libinit2.o)
    0x0800016a   0x0800016a   0x00000000   Code   RO         4249    .ARM.Collect$$libinit$$00000023  c_w.l(libinit2.o)
    0x0800016a   0x0800016a   0x00000004   Code   RO         4250    .ARM.Collect$$libinit$$00000024  c_w.l(libinit2.o)
    0x0800016e   0x0800016e   0x00000000   Code   RO         4251    .ARM.Collect$$libinit$$00000025  c_w.l(libinit2.o)
    0x0800016e   0x0800016e   0x00000000   Code   RO         4255    .ARM.Collect$$libinit$$0000002C  c_w.l(libinit2.o)
    0x0800016e   0x0800016e   0x00000000   Code   RO         4257    .ARM.Collect$$libinit$$0000002E  c_w.l(libinit2.o)
    0x0800016e   0x0800016e   0x00000000   Code   RO         4259    .ARM.Collect$$libinit$$00000030  c_w.l(libinit2.o)
    0x0800016e   0x0800016e   0x00000000   Code   RO         4261    .ARM.Collect$$libinit$$00000032  c_w.l(libinit2.o)
    0x0800016e   0x0800016e   0x00000002   Code   RO         4262    .ARM.Collect$$libinit$$00000033  c_w.l(libinit2.o)
    0x08000170   0x08000170   0x00000002   Code   RO         4387    .ARM.Collect$$libshutdown$$00000000  c_w.l(libshutdown.o)
    0x08000172   0x08000172   0x00000000   Code   RO         4264    .ARM.Collect$$libshutdown$$00000002  c_w.l(libshutdown2.o)
    0x08000172   0x08000172   0x00000004   Code   RO         4265    .ARM.Collect$$libshutdown$$00000003  c_w.l(libshutdown2.o)
    0x08000176   0x08000176   0x00000000   Code   RO         4266    .ARM.Collect$$libshutdown$$00000004  c_w.l(libshutdown2.o)
    0x08000176   0x08000176   0x00000000   Code   RO         4269    .ARM.Collect$$libshutdown$$00000007  c_w.l(libshutdown2.o)
    0x08000176   0x08000176   0x00000000   Code   RO         4272    .ARM.Collect$$libshutdown$$0000000A  c_w.l(libshutdown2.o)
    0x08000176   0x08000176   0x00000000   Code   RO         4274    .ARM.Collect$$libshutdown$$0000000C  c_w.l(libshutdown2.o)
    0x08000176   0x08000176   0x00000000   Code   RO         4277    .ARM.Collect$$libshutdown$$0000000F  c_w.l(libshutdown2.o)
    0x08000176   0x08000176   0x00000002   Code   RO         4278    .ARM.Collect$$libshutdown$$00000010  c_w.l(libshutdown2.o)
    0x08000178   0x08000178   0x00000000   Code   RO         4090    .ARM.Collect$$rtentry$$00000000  c_w.l(__rtentry.o)
    0x08000178   0x08000178   0x00000000   Code   RO         4102    .ARM.Collect$$rtentry$$00000002  c_w.l(__rtentry2.o)
    0x08000178   0x08000178   0x00000006   Code   RO         4114    .ARM.Collect$$rtentry$$00000004  c_w.l(__rtentry4.o)
    0x0800017e   0x0800017e   0x00000000   Code   RO         4104    .ARM.Collect$$rtentry$$00000009  c_w.l(__rtentry2.o)
    0x0800017e   0x0800017e   0x00000004   Code   RO         4105    .ARM.Collect$$rtentry$$0000000A  c_w.l(__rtentry2.o)
    0x08000182   0x08000182   0x00000000   Code   RO         4107    .ARM.Collect$$rtentry$$0000000C  c_w.l(__rtentry2.o)
    0x08000182   0x08000182   0x00000008   Code   RO         4108    .ARM.Collect$$rtentry$$0000000D  c_w.l(__rtentry2.o)
    0x0800018a   0x0800018a   0x00000002   Code   RO         4285    .ARM.Collect$$rtexit$$00000000  c_w.l(rtexit.o)
    0x0800018c   0x0800018c   0x00000000   Code   RO         4333    .ARM.Collect$$rtexit$$00000002  c_w.l(rtexit2.o)
    0x0800018c   0x0800018c   0x00000004   Code   RO         4334    .ARM.Collect$$rtexit$$00000003  c_w.l(rtexit2.o)
    0x08000190   0x08000190   0x00000006   Code   RO         4335    .ARM.Collect$$rtexit$$00000004  c_w.l(rtexit2.o)
    0x08000196   0x08000196   0x00000002   PAD
    0x08000198   0x08000198   0x00000096   Code   RO          764    .emb_text           port.o
    0x0800022e   0x0800022e   0x00000002   PAD
    0x08000230   0x08000230   0x00000000   Code   RO         4339    .emb_text           c_w.l(maybetermalloc1.o)
    0x08000230   0x08000230   0x00000040   Code   RO         3934    .text               startup_stm32f10x_md.o
    0x08000270   0x08000270   0x00000018   Code   RO         4082    .text               c_w.l(noretval__2printf.o)
    0x08000288   0x08000288   0x00000006   Code   RO         4086    .text               c_w.l(heapauxi.o)
    0x0800028e   0x0800028e   0x00000002   PAD
    0x08000290   0x08000290   0x00000024   Code   RO         4091    .text               c_w.l(_printf_char_file.o)
    0x080002b4   0x080002b4   0x00000030   Code   RO         4116    .text               c_w.l(_printf_char_common.o)
    0x080002e4   0x080002e4   0x00000008   Code   RO         4118    .text               c_w.l(ferror.o)
    0x080002ec   0x080002ec   0x00000138   Code   RO         4120    .text               c_w.l(initio.o)
    0x08000424   0x08000424   0x00000066   Code   RO         4126    .text               c_w.l(sys_io.o)
    0x0800048a   0x0800048a   0x0000004a   Code   RO         4133    .text               c_w.l(sys_stackheap_outer.o)
    0x080004d4   0x080004d4   0x0000004e   Code   RO         4137    .text               c_w.l(h1_free.o)
    0x08000522   0x08000522   0x00000028   Code   RO         4191    .text               c_w.l(__printf_nopercent.o)
    0x0800054a   0x0800054a   0x00000046   Code   RO         4193    .text               c_w.l(setvbuf.o)
    0x08000590   0x08000590   0x000000ec   Code   RO         4196    .text               c_w.l(fopen.o)
    0x0800067c   0x0800067c   0x0000004c   Code   RO         4198    .text               c_w.l(fclose.o)
    0x080006c8   0x080006c8   0x00000012   Code   RO         4204    .text               c_w.l(exit.o)
    0x080006da   0x080006da   0x0000000e   Code   RO         4206    .text               c_w.l(defsig_rtred_outer.o)
    0x080006e8   0x080006e8   0x0000004e   Code   RO         4210    .text               c_w.l(rt_memclr_w.o)
    0x08000736   0x08000736   0x00000002   PAD
    0x08000738   0x08000738   0x00000008   Code   RO         4279    .text               c_w.l(libspace.o)
    0x08000740   0x08000740   0x00000002   Code   RO         4282    .text               c_w.l(use_no_semi.o)
    0x08000742   0x08000742   0x00000000   Code   RO         4284    .text               c_w.l(indicate_semi.o)
    0x08000742   0x08000742   0x00000002   PAD
    0x08000744   0x08000744   0x00000008   Code   RO         4292    .text               c_w.l(rt_heap_descriptor_intlibspace.o)
    0x0800074c   0x0800074c   0x00000004   Code   RO         4294    .text               c_w.l(hguard.o)
    0x08000750   0x08000750   0x0000008a   Code   RO         4296    .text               c_w.l(init_alloc.o)
    0x080007da   0x080007da   0x0000005e   Code   RO         4302    .text               c_w.l(h1_alloc.o)
    0x08000838   0x08000838   0x000000f8   Code   RO         4316    .text               c_w.l(fseek.o)
    0x08000930   0x08000930   0x000000f0   Code   RO         4318    .text               c_w.l(stdio.o)
    0x08000a20   0x08000a20   0x0000000a   Code   RO         4320    .text               c_w.l(defsig_exit.o)
    0x08000a2a   0x08000a2a   0x00000002   PAD
    0x08000a2c   0x08000a2c   0x00000034   Code   RO         4322    .text               c_w.l(defsig_rtred_inner.o)
    0x08000a60   0x08000a60   0x0000003e   Code   RO         4324    .text               c_w.l(strlen.o)
    0x08000a9e   0x08000a9e   0x00000002   PAD
    0x08000aa0   0x08000aa0   0x0000000c   Code   RO         4330    .text               c_w.l(sys_exit.o)
    0x08000aac   0x08000aac   0x0000000e   Code   RO         4341    .text               c_w.l(h1_init.o)
    0x08000aba   0x08000aba   0x00000034   Code   RO         4343    .text               c_w.l(h1_extend.o)
    0x08000aee   0x08000aee   0x00000042   Code   RO         4349    .text               c_w.l(ftell.o)
    0x08000b30   0x08000b30   0x00000032   Code   RO         4353    .text               c_w.l(defsig_general.o)
    0x08000b62   0x08000b62   0x0000000e   Code   RO         4355    .text               c_w.l(defsig_rtmem_outer.o)
    0x08000b70   0x08000b70   0x0000000e   Code   RO         4368    .text               c_w.l(sys_wrch.o)
    0x08000b7e   0x08000b7e   0x00000002   PAD
    0x08000b80   0x08000b80   0x00000008   Code   RO         4375    .text               c_w.l(rt_errno_addr_intlibspace.o)
    0x08000b88   0x08000b88   0x00000050   Code   RO         4381    .text               c_w.l(defsig_rtmem_inner.o)
    0x08000bd8   0x08000bd8   0x00000040   Code   RO            1    i.AppTaskCreate     main.o
    0x08000c18   0x08000c18   0x00000014   Code   RO            2    i.BSP_Init          main.o
    0x08000c2c   0x08000c2c   0x00000004   Code   RO          158    i.BusFault_Handler  stm32f10x_it.o
    0x08000c30   0x08000c30   0x00000002   Code   RO          159    i.DebugMon_Handler  stm32f10x_it.o
    0x08000c32   0x08000c32   0x00000116   Code   RO         2072    i.GPIO_Init         stm32f10x_gpio.o
    0x08000d48   0x08000d48   0x00000004   Code   RO         2079    i.GPIO_ResetBits    stm32f10x_gpio.o
    0x08000d4c   0x08000d4c   0x00000004   Code   RO         2080    i.GPIO_SetBits      stm32f10x_gpio.o
    0x08000d50   0x08000d50   0x00000004   Code   RO          160    i.HardFault_Handler  stm32f10x_it.o
    0x08000d54   0x08000d54   0x00000034   Code   RO         3991    i.LED_GPIO_CONFIG   led.o
    0x08000d88   0x08000d88   0x00000010   Code   RO         3992    i.LED_OFF           led.o
    0x08000d98   0x08000d98   0x00000010   Code   RO         3993    i.LED_ON            led.o
    0x08000da8   0x08000da8   0x0000001c   Code   RO            3    i.LED_Task          main.o
    0x08000dc4   0x08000dc4   0x00000004   Code   RO          161    i.MemManage_Handler  stm32f10x_it.o
    0x08000dc8   0x08000dc8   0x00000002   Code   RO          162    i.NMI_Handler       stm32f10x_it.o
    0x08000dca   0x08000dca   0x00000026   Code   RO         4018    i.NVIC_Configuration  usart.o
    0x08000df0   0x08000df0   0x00000070   Code   RO          885    i.NVIC_Init         misc.o
    0x08000e60   0x08000e60   0x00000014   Code   RO          886    i.NVIC_PriorityGroupConfig  misc.o
    0x08000e74   0x08000e74   0x00000002   Code   RO          163    i.PendSV_Handler    stm32f10x_it.o
    0x08000e76   0x08000e76   0x00000002   PAD
    0x08000e78   0x08000e78   0x00000020   Code   RO         2502    i.RCC_APB2PeriphClockCmd  stm32f10x_rcc.o
    0x08000e98   0x08000e98   0x000000d4   Code   RO         2510    i.RCC_GetClocksFreq  stm32f10x_rcc.o
    0x08000f6c   0x08000f6c   0x00000002   Code   RO          164    i.SVC_Handler       stm32f10x_it.o
    0x08000f6e   0x08000f6e   0x00000008   Code   RO         3938    i.SetSysClock       system_stm32f10x.o
    0x08000f76   0x08000f76   0x00000002   PAD
    0x08000f78   0x08000f78   0x000000e0   Code   RO         3939    i.SetSysClockTo72   system_stm32f10x.o
    0x08001058   0x08001058   0x00000002   Code   RO          165    i.SysTick_Handler   stm32f10x_it.o
    0x0800105a   0x0800105a   0x00000002   PAD
    0x0800105c   0x0800105c   0x00000060   Code   RO         3941    i.SystemInit        system_stm32f10x.o
    0x080010bc   0x080010bc   0x00000018   Code   RO         3685    i.USART_Cmd         stm32f10x_usart.o
    0x080010d4   0x080010d4   0x00000090   Code   RO         4019    i.USART_Config      usart.o
    0x08001164   0x08001164   0x0000001a   Code   RO         3688    i.USART_GetFlagStatus  stm32f10x_usart.o
    0x0800117e   0x0800117e   0x0000004a   Code   RO         3691    i.USART_ITConfig    stm32f10x_usart.o
    0x080011c8   0x080011c8   0x000000d8   Code   RO         3692    i.USART_Init        stm32f10x_usart.o
    0x080012a0   0x080012a0   0x00000008   Code   RO         3702    i.USART_SendData    stm32f10x_usart.o
    0x080012a8   0x080012a8   0x00000004   Code   RO          166    i.UsageFault_Handler  stm32f10x_it.o
    0x080012ac   0x080012ac   0x00000024   Code   RO         4025    i.fputc             usart.o
    0x080012d0   0x080012d0   0x00000058   Code   RO            4    i.main              main.o
    0x08001328   0x08001328   0x00000098   Code   RO          485    i.prvAddCurrentTaskToDelayedList  tasks.o
    0x080013c0   0x080013c0   0x000000b4   Code   RO          486    i.prvAddNewTaskToReadyList  tasks.o
    0x08001474   0x08001474   0x00000064   Code   RO          487    i.prvCheckTasksWaitingTermination  tasks.o
    0x080014d8   0x080014d8   0x00000012   Code   RO          488    i.prvDeleteTCB      tasks.o
    0x080014ea   0x080014ea   0x00000002   PAD
    0x080014ec   0x080014ec   0x0000007c   Code   RO          836    i.prvHeapInit       heap_4.o
    0x08001568   0x08001568   0x00000028   Code   RO          489    i.prvIdleTask       tasks.o
    0x08001590   0x08001590   0x00000080   Code   RO          490    i.prvInitialiseNewTask  tasks.o
    0x08001610   0x08001610   0x00000068   Code   RO          491    i.prvInitialiseTaskLists  tasks.o
    0x08001678   0x08001678   0x00000068   Code   RO          837    i.prvInsertBlockIntoFreeList  heap_4.o
    0x080016e0   0x080016e0   0x00000034   Code   RO          492    i.prvResetNextTaskUnblockTime  tasks.o
    0x08001714   0x08001714   0x00000016   Code   RO          765    i.prvTaskExitError  port.o
    0x0800172a   0x0800172a   0x00000002   PAD
    0x0800172c   0x0800172c   0x000000d0   Code   RO          838    i.pvPortMalloc      heap_4.o
    0x080017fc   0x080017fc   0x00000024   Code   RO          766    i.pxPortInitialiseStack  port.o
    0x08001820   0x08001820   0x00000028   Code   RO          322    i.uxListRemove      list.o
    0x08001848   0x08001848   0x0000001a   Code   RO          323    i.vListInitialise   list.o
    0x08001862   0x08001862   0x00000006   Code   RO          324    i.vListInitialiseItem  list.o
    0x08001868   0x08001868   0x00000034   Code   RO          325    i.vListInsert       list.o
    0x0800189c   0x0800189c   0x00000018   Code   RO          326    i.vListInsertEnd    list.o
    0x080018b4   0x080018b4   0x00000024   Code   RO          768    i.vPortEnterCritical  port.o
    0x080018d8   0x080018d8   0x00000020   Code   RO          769    i.vPortExitCritical  port.o
    0x080018f8   0x080018f8   0x00000048   Code   RO          839    i.vPortFree         heap_4.o
    0x08001940   0x08001940   0x00000014   Code   RO          770    i.vPortSetupTimerInterrupt  port.o
    0x08001954   0x08001954   0x00000034   Code   RO          499    i.vTaskDelay        tasks.o
    0x08001988   0x08001988   0x000000cc   Code   RO          501    i.vTaskDelete       tasks.o
    0x08001a54   0x08001a54   0x00000064   Code   RO          510    i.vTaskStartScheduler  tasks.o
    0x08001ab8   0x08001ab8   0x00000010   Code   RO          512    i.vTaskSuspendAll   tasks.o
    0x08001ac8   0x08001ac8   0x00000060   Code   RO          513    i.vTaskSwitchContext  tasks.o
    0x08001b28   0x08001b28   0x00000034   Code   RO          771    i.xPortStartScheduler  port.o
    0x08001b5c   0x08001b5c   0x00000060   Code   RO          515    i.xTaskCreate       tasks.o
    0x08001bbc   0x08001bbc   0x0000011c   Code   RO          520    i.xTaskIncrementTick  tasks.o
    0x08001cd8   0x08001cd8   0x000000e8   Code   RO          525    i.xTaskResumeAll    tasks.o
    0x08001dc0   0x08001dc0   0x00000004   Data   RO         4127    .constdata          c_w.l(sys_io.o)
    0x08001dc4   0x08001dc4   0x00000004   Data   RO         4128    .constdata          c_w.l(sys_io.o)
    0x08001dc8   0x08001dc8   0x00000004   Data   RO         4129    .constdata          c_w.l(sys_io.o)
    0x08001dcc   0x08001dcc   0x00000020   Data   RO         4406    Region$$Table       anon$$obj.o


    Execution Region RW_IRAM1 (Exec base: 0x20000000, Load base: 0x08001dec, Size: 0x00004ca8, Max: 0x00005000, ABSOLUTE)

    Exec Addr    Load Addr    Size         Type   Attr      Idx    E Section Name        Object

    0x20000000   0x08001dec   0x00000008   Data   RW            5    .data               main.o
    0x20000008   0x08001df4   0x0000003c   Data   RW          528    .data               tasks.o
    0x20000044   0x08001e30   0x00000004   Data   RW          773    .data               port.o
    0x20000048   0x08001e34   0x00000018   Data   RW          844    .data               heap_4.o
    0x20000060   0x08001e4c   0x00000014   Data   RW         2530    .data               stm32f10x_rcc.o
    0x20000074   0x08001e60   0x00000004   Data   RW         4096    .data               c_w.l(stdio_streams.o)
    0x20000078   0x08001e64   0x00000004   Data   RW         4097    .data               c_w.l(stdio_streams.o)
    0x2000007c   0x08001e68   0x00000004   Data   RW         4098    .data               c_w.l(stdio_streams.o)
    0x20000080        -       0x000000c8   Zero   RW          527    .bss                tasks.o
    0x20000148        -       0x00004400   Zero   RW          843    .bss                heap_4.o
    0x20004548        -       0x00000054   Zero   RW         4093    .bss                c_w.l(stdio_streams.o)
    0x2000459c        -       0x00000054   Zero   RW         4094    .bss                c_w.l(stdio_streams.o)
    0x200045f0        -       0x00000054   Zero   RW         4095    .bss                c_w.l(stdio_streams.o)
    0x20004644        -       0x00000060   Zero   RW         4280    .bss                c_w.l(libspace.o)
    0x200046a4   0x08001e6c   0x00000004   PAD
    0x200046a8        -       0x00000200   Zero   RW         3932    HEAP                startup_stm32f10x_md.o
    0x200048a8        -       0x00000400   Zero   RW         3931    STACK               startup_stm32f10x_md.o


==============================================================================

Image component sizes


      Code (inc. data)   RO Data    RW Data    ZI Data      Debug   Object Name

         0          0          0          0          0       1472   event_groups.o
       508         62          0         24      17408       3471   heap_4.o
        84         14          0          0          0       1205   led.o
       148          0          0          0          0       2794   list.o
       200         56          0          8          0     242291   main.o
       132         22          0          0          0       2923   misc.o
       348         44          0          4          0       7962   port.o
        64         26        236          0       1536        756   startup_stm32f10x_md.o
       286          0          0          0          0      11020   stm32f10x_gpio.o
        26          0          0          0          0       3414   stm32f10x_it.o
       244         26          0         20          0      12257   stm32f10x_rcc.o
       348          6          0          0          0      10381   stm32f10x_usart.o
       328         28          0          0          0       1677   system_stm32f10x.o
      1854        302          0         60        200      20991   tasks.o
       218         12          0          0          0       2703   usart.o

    ----------------------------------------------------------------------
      4800        598        268        116      19144     325317   Object Totals
         0          0         32          0          0          0   (incl. Generated)
        12          0          0          0          0          0   (incl. Padding)

    ----------------------------------------------------------------------

      Code (inc. data)   RO Data    RW Data    ZI Data      Debug   Library Member Name

         8          0          0          0          0         68   __main.o
        40          0          0          0          0         84   __printf_nopercent.o
         0          0          0          0          0          0   __rtentry.o
        12          0          0          0          0          0   __rtentry2.o
         6          0          0          0          0          0   __rtentry4.o
        52          8          0          0          0          0   __scatter.o
        26          0          0          0          0          0   __scatter_copy.o
        28          0          0          0          0          0   __scatter_zi.o
        48          6          0          0          0         96   _printf_char_common.o
        36          4          0          0          0         80   _printf_char_file.o
        10          0          0          0          0         68   defsig_exit.o
        50          0          0          0          0         88   defsig_general.o
        80         58          0          0          0         76   defsig_rtmem_inner.o
        14          0          0          0          0         80   defsig_rtmem_outer.o
        52         38          0          0          0         76   defsig_rtred_inner.o
        14          0          0          0          0         80   defsig_rtred_outer.o
        18          0          0          0          0         80   exit.o
        76          0          0          0          0         88   fclose.o
         8          0          0          0          0         68   ferror.o
       236          4          0          0          0        128   fopen.o
       248          6          0          0          0         84   fseek.o
        66          0          0          0          0         76   ftell.o
        94          0          0          0          0         80   h1_alloc.o
        52          0          0          0          0         68   h1_extend.o
        78          0          0          0          0         80   h1_free.o
        14          0          0          0          0         84   h1_init.o
         6          0          0          0          0        152   heapauxi.o
         4          0          0          0          0        136   hguard.o
         0          0          0          0          0          0   indicate_semi.o
       138          0          0          0          0        168   init_alloc.o
       312         46          0          0          0        112   initio.o
         2          0          0          0          0          0   libinit.o
        14          0          0          0          0          0   libinit2.o
         2          0          0          0          0          0   libshutdown.o
         6          0          0          0          0          0   libshutdown2.o
         8          4          0          0         96         68   libspace.o
         0          0          0          0          0          0   maybetermalloc1.o
        24          4          0          0          0         84   noretval__2printf.o
         8          4          0          0          0         68   rt_errno_addr_intlibspace.o
         8          4          0          0          0         68   rt_heap_descriptor_intlibspace.o
        78          0          0          0          0         80   rt_memclr_w.o
         2          0          0          0          0          0   rtexit.o
        10          0          0          0          0          0   rtexit2.o
        70          0          0          0          0         80   setvbuf.o
       240          6          0          0          0        156   stdio.o
         0          0          0         12        252          0   stdio_streams.o
        62          0          0          0          0         76   strlen.o
        12          4          0          0          0         68   sys_exit.o
       102          0         12          0          0        240   sys_io.o
        74          0          0          0          0         80   sys_stackheap_outer.o
        14          0          0          0          0         76   sys_wrch.o
         2          0          0          0          0         68   use_no_semi.o

    ----------------------------------------------------------------------
      2580        196         12         12        352       3412   Library Totals
        16          0          0          0          4          0   (incl. Padding)

    ----------------------------------------------------------------------

      Code (inc. data)   RO Data    RW Data    ZI Data      Debug   Library Name

      2564        196         12         12        348       3412   c_w.l

    ----------------------------------------------------------------------
      2580        196         12         12        352       3412   Library Totals

    ----------------------------------------------------------------------

==============================================================================


      Code (inc. data)   RO Data    RW Data    ZI Data      Debug   

      7380        794        280        128      19496     323733   Grand Totals
      7380        794        280        128      19496     323733   ELF Image Totals
      7380        794        280        128          0          0   ROM Totals

==============================================================================

    Total RO  Size (Code + RO Data)                 7660 (   7.48kB)
    Total RW  Size (RW Data + ZI Data)             19624 (  19.16kB)
    Total ROM Size (Code + RO Data + RW Data)       7788 (   7.61kB)

==============================================================================

